Component: Arm Compiler for Embedded 6.22 Tool: armlink [5ee90200]

==============================================================================

Section Cross References

    main.o(.ARM.exidx.text.tTaskInit) refers to main.o(.text.tTaskInit) for [Anonymous Symbol]
    main.o(.ARM.exidx.text.delay) refers to main.o(.text.delay) for [Anonymous Symbol]
    main.o(.text.tTaskSched) refers to main.o(.bss.currentTask) for currentTask
    main.o(.text.tTaskSched) refers to main.o(.bss.taskTable) for taskTable
    main.o(.text.tTaskSched) refers to main.o(.bss.nextTask) for nextTask
    main.o(.text.tTaskSched) refers to switch.o(.text.tTaskSwitch) for tTaskSwitch
    main.o(.ARM.exidx.text.tTaskSched) refers to main.o(.text.tTaskSched) for [Anonymous Symbol]
    main.o(.text.task1Entry) refers to main.o(.bss.task1Flag) for task1Flag
    main.o(.text.task1Entry) refers to main.o(.text.delay) for delay
    main.o(.text.task1Entry) refers to main.o(.text.tTaskSched) for tTaskSched
    main.o(.ARM.exidx.text.task1Entry) refers to main.o(.text.task1Entry) for [Anonymous Symbol]
    main.o(.text.task2Entry) refers to main.o(.bss.task2Flag) for task2Flag
    main.o(.text.task2Entry) refers to main.o(.text.delay) for delay
    main.o(.text.task2Entry) refers to main.o(.text.tTaskSched) for tTaskSched
    main.o(.ARM.exidx.text.task2Entry) refers to main.o(.text.task2Entry) for [Anonymous Symbol]
    main.o(.text.main) refers to main.o(.bss.task1Env) for task1Env
    main.o(.text.main) refers to main.o(.bss.tTask1) for tTask1
    main.o(.text.main) refers to main.o(.text.task1Entry) for task1Entry
    main.o(.text.main) refers to main.o(.text.tTaskInit) for tTaskInit
    main.o(.text.main) refers to main.o(.bss.task2Env) for task2Env
    main.o(.text.main) refers to main.o(.bss.tTask2) for tTask2
    main.o(.text.main) refers to main.o(.text.task2Entry) for task2Entry
    main.o(.text.main) refers to main.o(.bss.taskTable) for taskTable
    main.o(.text.main) refers to main.o(.bss.nextTask) for nextTask
    main.o(.text.main) refers to switch.o(.text.tTaskRunFirst) for tTaskRunFirst
    main.o(.ARM.exidx.text.main) refers to main.o(.text.main) for [Anonymous Symbol]
    switch.o(.ARM.exidx.text.tTaskRunFirst) refers to switch.o(.text.tTaskRunFirst) for [Anonymous Symbol]
    switch.o(.ARM.exidx.text.tTaskSwitch) refers to switch.o(.text.tTaskSwitch) for [Anonymous Symbol]
    cortex.o(.text) refers to main.o(.bss.currentTask) for currentTask
    cortex.o(.text) refers to main.o(.bss.nextTask) for nextTask
    startup_armcm3.o(.ARM.exidx.text.Default_Handler) refers to startup_armcm3.o(.text.Default_Handler) for [Anonymous Symbol]
    startup_armcm3.o(.text.Reset_Handler) refers to system_armcm3.o(.text.SystemInit) for SystemInit
    startup_armcm3.o(.text.Reset_Handler) refers to entry.o(.ARM.Collect$$$$00000000) for __main
    startup_armcm3.o(.ARM.exidx.text.Reset_Handler) refers to startup_armcm3.o(.text.Reset_Handler) for [Anonymous Symbol]
    startup_armcm3.o(.ARM.exidx.text.HardFault_Handler) refers to startup_armcm3.o(.text.HardFault_Handler) for [Anonymous Symbol]
    startup_armcm3.o(RESET) refers to startup_armcm3.o(.text.Reset_Handler) for Reset_Handler
    startup_armcm3.o(RESET) refers to startup_armcm3.o(.text.Default_Handler) for NMI_Handler
    startup_armcm3.o(RESET) refers to startup_armcm3.o(.text.HardFault_Handler) for HardFault_Handler
    startup_armcm3.o(RESET) refers to cortex.o(.text) for PendSV_Handler
    system_armcm3.o(.text.SystemCoreClockUpdate) refers to system_armcm3.o(.data.SystemCoreClock) for SystemCoreClock
    system_armcm3.o(.ARM.exidx.text.SystemCoreClockUpdate) refers to system_armcm3.o(.text.SystemCoreClockUpdate) for [Anonymous Symbol]
    system_armcm3.o(.text.SystemInit) refers to startup_armcm3.o(RESET) for __Vectors
    system_armcm3.o(.text.SystemInit) refers to system_armcm3.o(.data.SystemCoreClock) for SystemCoreClock
    system_armcm3.o(.ARM.exidx.text.SystemInit) refers to system_armcm3.o(.text.SystemInit) for [Anonymous Symbol]
    entry.o(.ARM.Collect$$$$00000000) refers (Special) to entry10a.o(.ARM.Collect$$$$0000000D) for __rt_final_cpp
    entry.o(.ARM.Collect$$$$00000000) refers (Special) to entry11a.o(.ARM.Collect$$$$0000000F) for __rt_final_exit
    entry.o(.ARM.Collect$$$$00000000) refers (Special) to entry7b.o(.ARM.Collect$$$$00000008) for _main_clock
    entry.o(.ARM.Collect$$$$00000000) refers (Special) to entry8b.o(.ARM.Collect$$$$0000000A) for _main_cpp_init
    entry.o(.ARM.Collect$$$$00000000) refers (Special) to entry9a.o(.ARM.Collect$$$$0000000B) for _main_init
    entry.o(.ARM.Collect$$$$00000000) refers (Special) to entry5.o(.ARM.Collect$$$$00000004) for _main_scatterload
    entry.o(.ARM.Collect$$$$00000000) refers (Special) to entry4.o(.ARM.Collect$$$$00000003) for _main_stk
    entry4.o(.ARM.Collect$$$$00000003) refers to entry4.o(.ARM.Collect$$$$00002714) for __lit__00000000
    entry4.o(__vectab_stack_and_reset_area) refers to entry.o(.ARM.Collect$$$$00000000) for __main
    entry5.o(.ARM.Collect$$$$00000004) refers to init.o(.text) for __scatterload
    entry9a.o(.ARM.Collect$$$$0000000B) refers to main.o(.text.main) for main
    entry9b.o(.ARM.Collect$$$$0000000C) refers to main.o(.text.main) for main
    init.o(.text) refers to entry5.o(.ARM.Collect$$$$00000004) for __main_after_scatterload


==============================================================================

Removing Unused input sections from the image.

    Removing main.o(.text), (0 bytes).
    Removing main.o(.ARM.exidx.text.tTaskInit), (8 bytes).
    Removing main.o(.ARM.exidx.text.delay), (8 bytes).
    Removing main.o(.ARM.exidx.text.tTaskSched), (8 bytes).
    Removing main.o(.ARM.exidx.text.task1Entry), (8 bytes).
    Removing main.o(.ARM.exidx.text.task2Entry), (8 bytes).
    Removing main.o(.ARM.exidx.text.main), (8 bytes).
    Removing main.o(.ARM.use_no_argv), (4 bytes).
    Removing switch.o(.text), (0 bytes).
    Removing switch.o(.ARM.exidx.text.tTaskRunFirst), (8 bytes).
    Removing switch.o(.ARM.exidx.text.tTaskSwitch), (8 bytes).
    Removing startup_armcm3.o(.text), (0 bytes).
    Removing startup_armcm3.o(.ARM.exidx.text.Default_Handler), (8 bytes).
    Removing startup_armcm3.o(.ARM.exidx.text.Reset_Handler), (8 bytes).
    Removing startup_armcm3.o(.ARM.exidx.text.HardFault_Handler), (8 bytes).
    Removing system_armcm3.o(.text), (0 bytes).
    Removing system_armcm3.o(.text.SystemCoreClockUpdate), (20 bytes).
    Removing system_armcm3.o(.ARM.exidx.text.SystemCoreClockUpdate), (8 bytes).
    Removing system_armcm3.o(.ARM.exidx.text.SystemInit), (8 bytes).

19 unused section(s) (total 128 bytes) removed from the image.

==============================================================================

Image Symbol Table

    Local Symbols

    Symbol Name                              Value     Ov Type        Size  Object(Section)

    ../clib/microlib/init/entry.s            0x00000000   Number         0  entry.o ABSOLUTE
    ../clib/microlib/init/entry.s            0x00000000   Number         0  entry4.o ABSOLUTE
    ../clib/microlib/init/entry.s            0x00000000   Number         0  entry5.o ABSOLUTE
    ../clib/microlib/init/entry.s            0x00000000   Number         0  entry7a.o ABSOLUTE
    ../clib/microlib/init/entry.s            0x00000000   Number         0  entry7b.o ABSOLUTE
    ../clib/microlib/init/entry.s            0x00000000   Number         0  entry8a.o ABSOLUTE
    ../clib/microlib/init/entry.s            0x00000000   Number         0  entry8b.o ABSOLUTE
    ../clib/microlib/init/entry.s            0x00000000   Number         0  entry9a.o ABSOLUTE
    ../clib/microlib/init/entry.s            0x00000000   Number         0  entry9b.o ABSOLUTE
    ../clib/microlib/init/entry.s            0x00000000   Number         0  entry10a.o ABSOLUTE
    ../clib/microlib/init/entry.s            0x00000000   Number         0  entry10b.o ABSOLUTE
    ../clib/microlib/init/entry.s            0x00000000   Number         0  entry11a.o ABSOLUTE
    ../clib/microlib/init/entry.s            0x00000000   Number         0  entry11b.o ABSOLUTE
    Source/cortex.s                          0x00000000   Number         0  cortex.o ABSOLUTE
    __tagsym$$used.0                         0x00000000   Number         0  startup_armcm3.o(RESET)
    dc.s                                     0x00000000   Number         0  dc.o ABSOLUTE
    handlers.s                               0x00000000   Number         0  handlers.o ABSOLUTE
    init.s                                   0x00000000   Number         0  init.o ABSOLUTE
    main.c                                   0x00000000   Number         0  main.o ABSOLUTE
    startup_ARMCM3.c                         0x00000000   Number         0  startup_armcm3.o ABSOLUTE
    switch.c                                 0x00000000   Number         0  switch.o ABSOLUTE
    system_ARMCM3.c                          0x00000000   Number         0  system_armcm3.o ABSOLUTE
    .ARM.Collect$$$$00000000                 0x000003c0   Section        0  entry.o(.ARM.Collect$$$$00000000)
    .ARM.Collect$$$$00000003                 0x000003c0   Section        4  entry4.o(.ARM.Collect$$$$00000003)
    .ARM.Collect$$$$00000004                 0x000003c4   Section        4  entry5.o(.ARM.Collect$$$$00000004)
    .ARM.Collect$$$$00000008                 0x000003c8   Section        0  entry7b.o(.ARM.Collect$$$$00000008)
    .ARM.Collect$$$$0000000A                 0x000003c8   Section        0  entry8b.o(.ARM.Collect$$$$0000000A)
    .ARM.Collect$$$$0000000B                 0x000003c8   Section        8  entry9a.o(.ARM.Collect$$$$0000000B)
    __lit__00000000                          0x000003d0   Data           4  entry4.o(.ARM.Collect$$$$00002714)
    .ARM.Collect$$$$0000000D                 0x000003d0   Section        0  entry10a.o(.ARM.Collect$$$$0000000D)
    .ARM.Collect$$$$0000000F                 0x000003d0   Section        0  entry11a.o(.ARM.Collect$$$$0000000F)
    .ARM.Collect$$$$00002714                 0x000003d0   Section        4  entry4.o(.ARM.Collect$$$$00002714)
    .text                                    0x000003d4   Section       48  cortex.o(.text)
    .text                                    0x00000404   Section       48  init.o(.text)
    [Anonymous Symbol]                       0x00000434   Section        0  startup_armcm3.o(.text.Default_Handler)
    [Anonymous Symbol]                       0x00000438   Section        0  startup_armcm3.o(.text.HardFault_Handler)
    [Anonymous Symbol]                       0x0000043c   Section        0  startup_armcm3.o(.text.Reset_Handler)
    [Anonymous Symbol]                       0x00000444   Section        0  system_armcm3.o(.text.SystemInit)
    [Anonymous Symbol]                       0x0000046c   Section        0  main.o(.text.delay)
    [Anonymous Symbol]                       0x00000484   Section        0  main.o(.text.main)
    [Anonymous Symbol]                       0x00000500   Section        0  main.o(.text.tTaskInit)
    [Anonymous Symbol]                       0x000005d8   Section        0  switch.o(.text.tTaskRunFirst)
    [Anonymous Symbol]                       0x00000604   Section        0  main.o(.text.tTaskSched)
    [Anonymous Symbol]                       0x00000654   Section        0  switch.o(.text.tTaskSwitch)
    [Anonymous Symbol]                       0x00000664   Section        0  main.o(.text.task1Entry)
    [Anonymous Symbol]                       0x00000694   Section        0  main.o(.text.task2Entry)
    i.__scatterload_copy                     0x000006c4   Section       14  handlers.o(i.__scatterload_copy)
    i.__scatterload_null                     0x000006d2   Section        2  handlers.o(i.__scatterload_null)
    i.__scatterload_zeroinit                 0x000006d4   Section       14  handlers.o(i.__scatterload_zeroinit)

    Global Symbols

    Symbol Name                              Value     Ov Type        Size  Object(Section)

    BuildAttributes$$THM_ISAv4$P$D$K$B$S$PE$A:L22UL41UL21$X:L11$S22US41US21$IEEE1$IW$~IW$USESV6$~STKCKD$USESV7$~SHL$OSPACE$EBA8$MICROLIB$REQ8$PRES8$EABIv2 0x00000000   Number         0  anon$$obj.o ABSOLUTE
    __Vectors                                0x00000000   Data         960  startup_armcm3.o(RESET)
    __cpp_initialize__aeabi_                  - Undefined Weak Reference
    __cxa_finalize                            - Undefined Weak Reference
    __decompress                              - Undefined Weak Reference
    _clock_init                               - Undefined Weak Reference
    _microlib_exit                            - Undefined Weak Reference
    __main                                   0x000003c1   Thumb Code     0  entry.o(.ARM.Collect$$$$00000000)
    _main_stk                                0x000003c1   Thumb Code     0  entry4.o(.ARM.Collect$$$$00000003)
    _main_scatterload                        0x000003c5   Thumb Code     0  entry5.o(.ARM.Collect$$$$00000004)
    __main_after_scatterload                 0x000003c9   Thumb Code     0  entry5.o(.ARM.Collect$$$$00000004)
    _main_clock                              0x000003c9   Thumb Code     0  entry7b.o(.ARM.Collect$$$$00000008)
    _main_cpp_init                           0x000003c9   Thumb Code     0  entry8b.o(.ARM.Collect$$$$0000000A)
    _main_init                               0x000003c9   Thumb Code     0  entry9a.o(.ARM.Collect$$$$0000000B)
    __rt_final_cpp                           0x000003d1   Thumb Code     0  entry10a.o(.ARM.Collect$$$$0000000D)
    __rt_final_exit                          0x000003d1   Thumb Code     0  entry11a.o(.ARM.Collect$$$$0000000F)
    PendSV_Handler                           0x000003d5   Thumb Code    40  cortex.o(.text)
    __scatterload                            0x00000405   Thumb Code    38  init.o(.text)
    __scatterload_rt2                        0x00000405   Thumb Code     0  init.o(.text)
    BusFault_Handler                         0x00000435   Thumb Code     4  startup_armcm3.o(.text.Default_Handler)
    DebugMon_Handler                         0x00000435   Thumb Code     4  startup_armcm3.o(.text.Default_Handler)
    Default_Handler                          0x00000435   Thumb Code     4  startup_armcm3.o(.text.Default_Handler)
    Interrupt0_Handler                       0x00000435   Thumb Code     4  startup_armcm3.o(.text.Default_Handler)
    Interrupt1_Handler                       0x00000435   Thumb Code     4  startup_armcm3.o(.text.Default_Handler)
    Interrupt2_Handler                       0x00000435   Thumb Code     4  startup_armcm3.o(.text.Default_Handler)
    Interrupt3_Handler                       0x00000435   Thumb Code     4  startup_armcm3.o(.text.Default_Handler)
    Interrupt4_Handler                       0x00000435   Thumb Code     4  startup_armcm3.o(.text.Default_Handler)
    Interrupt5_Handler                       0x00000435   Thumb Code     4  startup_armcm3.o(.text.Default_Handler)
    Interrupt6_Handler                       0x00000435   Thumb Code     4  startup_armcm3.o(.text.Default_Handler)
    Interrupt7_Handler                       0x00000435   Thumb Code     4  startup_armcm3.o(.text.Default_Handler)
    Interrupt8_Handler                       0x00000435   Thumb Code     4  startup_armcm3.o(.text.Default_Handler)
    Interrupt9_Handler                       0x00000435   Thumb Code     4  startup_armcm3.o(.text.Default_Handler)
    MemManage_Handler                        0x00000435   Thumb Code     4  startup_armcm3.o(.text.Default_Handler)
    NMI_Handler                              0x00000435   Thumb Code     4  startup_armcm3.o(.text.Default_Handler)
    SVC_Handler                              0x00000435   Thumb Code     4  startup_armcm3.o(.text.Default_Handler)
    SysTick_Handler                          0x00000435   Thumb Code     4  startup_armcm3.o(.text.Default_Handler)
    UsageFault_Handler                       0x00000435   Thumb Code     4  startup_armcm3.o(.text.Default_Handler)
    HardFault_Handler                        0x00000439   Thumb Code     4  startup_armcm3.o(.text.HardFault_Handler)
    Reset_Handler                            0x0000043d   Thumb Code     8  startup_armcm3.o(.text.Reset_Handler)
    SystemInit                               0x00000445   Thumb Code    38  system_armcm3.o(.text.SystemInit)
    delay                                    0x0000046d   Thumb Code    24  main.o(.text.delay)
    main                                     0x00000485   Thumb Code   124  main.o(.text.main)
    tTaskInit                                0x00000501   Thumb Code   214  main.o(.text.tTaskInit)
    tTaskRunFirst                            0x000005d9   Thumb Code    42  switch.o(.text.tTaskRunFirst)
    tTaskSched                               0x00000605   Thumb Code    78  main.o(.text.tTaskSched)
    tTaskSwitch                              0x00000655   Thumb Code    16  switch.o(.text.tTaskSwitch)
    task1Entry                               0x00000665   Thumb Code    48  main.o(.text.task1Entry)
    task2Entry                               0x00000695   Thumb Code    48  main.o(.text.task2Entry)
    __scatterload_copy                       0x000006c5   Thumb Code    14  handlers.o(i.__scatterload_copy)
    __scatterload_null                       0x000006d3   Thumb Code     2  handlers.o(i.__scatterload_null)
    __scatterload_zeroinit                   0x000006d5   Thumb Code    14  handlers.o(i.__scatterload_zeroinit)
    Region$$Table$$Base                      0x000006e4   Number         0  anon$$obj.o(Region$$Table)
    Region$$Table$$Limit                     0x00000704   Number         0  anon$$obj.o(Region$$Table)
    SystemCoreClock                          0x20000000   Data           4  system_armcm3.o(.data.SystemCoreClock)
    currentTask                              0x20000004   Data           4  main.o(.bss.currentTask)
    nextTask                                 0x20000008   Data           4  main.o(.bss.nextTask)
    tTask1                                   0x2000000c   Data           4  main.o(.bss.tTask1)
    tTask2                                   0x20000010   Data           4  main.o(.bss.tTask2)
    task1Env                                 0x20000014   Data        4096  main.o(.bss.task1Env)
    task1Flag                                0x20001014   Data           4  main.o(.bss.task1Flag)
    task2Env                                 0x20001018   Data        4096  main.o(.bss.task2Env)
    task2Flag                                0x20002018   Data           4  main.o(.bss.task2Flag)
    taskTable                                0x2000201c   Data           8  main.o(.bss.taskTable)
    Image$$ARM_LIB_STACK$$ZI$$Limit          0x20040000   Number         0  anon$$obj.o ABSOLUTE



==============================================================================

Memory Map of the image

  Image Entry point : 0x000003c1

  Load Region LR_ROM (Base: 0x00000000, Size: 0x00000708, Max: 0x00080000, ABSOLUTE)

    Execution Region ER_ROM (Exec base: 0x00000000, Load base: 0x00000000, Size: 0x00000704, Max: 0x00080000, ABSOLUTE)

    Exec Addr    Load Addr    Size         Type   Attr      Idx    E Section Name        Object

    0x00000000   0x00000000   0x000003c0   Data   RO           56    RESET               startup_armcm3.o
    0x000003c0   0x000003c0   0x00000000   Code   RO           75  * .ARM.Collect$$$$00000000  mc_w.l(entry.o)
    0x000003c0   0x000003c0   0x00000004   Code   RO           78    .ARM.Collect$$$$00000003  mc_w.l(entry4.o)
    0x000003c4   0x000003c4   0x00000004   Code   RO           81    .ARM.Collect$$$$00000004  mc_w.l(entry5.o)
    0x000003c8   0x000003c8   0x00000000   Code   RO           83    .ARM.Collect$$$$00000008  mc_w.l(entry7b.o)
    0x000003c8   0x000003c8   0x00000000   Code   RO           85    .ARM.Collect$$$$0000000A  mc_w.l(entry8b.o)
    0x000003c8   0x000003c8   0x00000008   Code   RO           86    .ARM.Collect$$$$0000000B  mc_w.l(entry9a.o)
    0x000003d0   0x000003d0   0x00000000   Code   RO           88    .ARM.Collect$$$$0000000D  mc_w.l(entry10a.o)
    0x000003d0   0x000003d0   0x00000000   Code   RO           90    .ARM.Collect$$$$0000000F  mc_w.l(entry11a.o)
    0x000003d0   0x000003d0   0x00000004   Code   RO           79    .ARM.Collect$$$$00002714  mc_w.l(entry4.o)
    0x000003d4   0x000003d4   0x00000030   Code   RO           43    .text               cortex.o
    0x00000404   0x00000404   0x00000030   Code   RO           92    .text               mc_w.l(init.o)
    0x00000434   0x00000434   0x00000004   Code   RO           50    .text.Default_Handler  startup_armcm3.o
    0x00000438   0x00000438   0x00000004   Code   RO           54    .text.HardFault_Handler  startup_armcm3.o
    0x0000043c   0x0000043c   0x00000008   Code   RO           52    .text.Reset_Handler  startup_armcm3.o
    0x00000444   0x00000444   0x00000026   Code   RO           66    .text.SystemInit    system_armcm3.o
    0x0000046a   0x0000046a   0x00000002   PAD
    0x0000046c   0x0000046c   0x00000018   Code   RO            6    .text.delay         main.o
    0x00000484   0x00000484   0x0000007c   Code   RO           14    .text.main          main.o
    0x00000500   0x00000500   0x000000d6   Code   RO            4    .text.tTaskInit     main.o
    0x000005d6   0x000005d6   0x00000002   PAD
    0x000005d8   0x000005d8   0x0000002a   Code   RO           33    .text.tTaskRunFirst  switch.o
    0x00000602   0x00000602   0x00000002   PAD
    0x00000604   0x00000604   0x0000004e   Code   RO            8    .text.tTaskSched    main.o
    0x00000652   0x00000652   0x00000002   PAD
    0x00000654   0x00000654   0x00000010   Code   RO           35    .text.tTaskSwitch   switch.o
    0x00000664   0x00000664   0x00000030   Code   RO           10    .text.task1Entry    main.o
    0x00000694   0x00000694   0x00000030   Code   RO           12    .text.task2Entry    main.o
    0x000006c4   0x000006c4   0x0000000e   Code   RO           96    i.__scatterload_copy  mc_w.l(handlers.o)
    0x000006d2   0x000006d2   0x00000002   Code   RO           97    i.__scatterload_null  mc_w.l(handlers.o)
    0x000006d4   0x000006d4   0x0000000e   Code   RO           98    i.__scatterload_zeroinit  mc_w.l(handlers.o)
    0x000006e2   0x000006e2   0x00000002   PAD
    0x000006e4   0x000006e4   0x00000020   Data   RO           95    Region$$Table       anon$$obj.o


    Execution Region RW_NOINIT (Exec base: 0x20000000, Load base: 0x00000704, Size: 0x00000000, Max: 0x0003f200, ABSOLUTE, UNINIT)

    **** No section assigned to this execution region ****


    Execution Region RW_RAM (Exec base: 0x20000000, Load base: 0x00000704, Size: 0x00002024, Max: 0x0003f200, ABSOLUTE)

    Exec Addr    Load Addr    Size         Type   Attr      Idx    E Section Name        Object

    0x20000000   0x00000704   0x00000004   Data   RW           68    .data.SystemCoreClock  system_armcm3.o
    0x20000004        -       0x00000004   Zero   RW           16    .bss.currentTask    main.o
    0x20000008        -       0x00000004   Zero   RW           18    .bss.nextTask       main.o
    0x2000000c        -       0x00000004   Zero   RW           21    .bss.tTask1         main.o
    0x20000010        -       0x00000004   Zero   RW           23    .bss.tTask2         main.o
    0x20000014        -       0x00001000   Zero   RW           22    .bss.task1Env       main.o
    0x20001014        -       0x00000004   Zero   RW           19    .bss.task1Flag      main.o
    0x20001018        -       0x00001000   Zero   RW           24    .bss.task2Env       main.o
    0x20002018        -       0x00000004   Zero   RW           20    .bss.task2Flag      main.o
    0x2000201c        -       0x00000008   Zero   RW           17    .bss.taskTable      main.o


    Execution Region ARM_LIB_HEAP (Exec base: 0x20002028, Load base: 0x00000708, Size: 0x00000c00, Max: 0x00000c00, ABSOLUTE)

    Exec Addr    Load Addr    Size         Type   Attr      Idx    E Section Name        Object

    0x20002028        -       0x00000c00   Zero   RW            1    ARM_LIB_HEAP.bss    anon$$obj.o


    Execution Region ARM_LIB_STACK (Exec base: 0x2003fe00, Load base: 0x00000708, Size: 0x00000200, Max: 0x00000200, ABSOLUTE)

    Exec Addr    Load Addr    Size         Type   Attr      Idx    E Section Name        Object

    0x2003fe00        -       0x00000200   Zero   RW            2    ARM_LIB_STACK.bss   anon$$obj.o


==============================================================================

Image component sizes


      Code (inc. data)   RO Data    RW Data    ZI Data      Debug   Object Name

        48          8          0          0          0        324   cortex.o
       536          0          0          0       8224       1799   main.o
        16          0        960          0          0        803   startup_armcm3.o
        58          0          0          0          0        843   switch.o
        38          0          0          4          0       1403   system_armcm3.o

    ----------------------------------------------------------------------
       704          8        992          4      11808       5172   Object Totals
         0          0         32          0       3584          0   (incl. Generated)
         8          0          0          0          0          0   (incl. Padding)

    ----------------------------------------------------------------------

      Code (inc. data)   RO Data    RW Data    ZI Data      Debug   Library Member Name

         0          0          0          0          0          0   entry.o
         0          0          0          0          0          0   entry10a.o
         0          0          0          0          0          0   entry11a.o
         8          4          0          0          0          0   entry4.o
         4          0          0          0          0          0   entry5.o
         0          0          0          0          0          0   entry7b.o
         0          0          0          0          0          0   entry8b.o
         8          4          0          0          0          0   entry9a.o
        30          0          0          0          0          0   handlers.o
        48         10          0          0          0         68   init.o

    ----------------------------------------------------------------------
       100         18          0          0          0         68   Library Totals
         2          0          0          0          0          0   (incl. Padding)

    ----------------------------------------------------------------------

      Code (inc. data)   RO Data    RW Data    ZI Data      Debug   Library Name

        98         18          0          0          0         68   mc_w.l

    ----------------------------------------------------------------------
       100         18          0          0          0         68   Library Totals

    ----------------------------------------------------------------------

==============================================================================


      Code (inc. data)   RO Data    RW Data    ZI Data      Debug   

       804         26        992          4      11808       5332   Grand Totals
       804         26        992          4      11808       5332   ELF Image Totals
       804         26        992          4          0          0   ROM Totals

==============================================================================

    Total RO  Size (Code + RO Data)                 1796 (   1.75kB)
    Total RW  Size (RW Data + ZI Data)             11812 (  11.54kB)
    Total ROM Size (Code + RO Data + RW Data)       1800 (   1.76kB)

==============================================================================

