Component: Arm Compiler for Embedded 6.22 Tool: armlink [5ee90200]

==============================================================================

Section Cross References

    app.o(.text.task1Entry) refers to app.o(.bss.task1Flag) for task1Flag
    app.o(.text.task1Entry) refers to ttime.o(.text.tTaskDelay) for tTaskDelay
    app.o(.ARM.exidx.text.task1Entry) refers to app.o(.text.task1Entry) for [Anonymous Symbol]
    app.o(.text.task2Entry) refers to app.o(.bss.task2Flag) for task2Flag
    app.o(.text.task2Entry) refers to ttime.o(.text.tTaskDelay) for tTaskDelay
    app.o(.ARM.exidx.text.task2Entry) refers to app.o(.text.task2Entry) for [Anonymous Symbol]
    app.o(.text.task3Entry) refers to app.o(.bss.task3Flag) for task3Flag
    app.o(.text.task3Entry) refers to ttime.o(.text.tTaskDelay) for tTaskDelay
    app.o(.ARM.exidx.text.task3Entry) refers to app.o(.text.task3Entry) for [Anonymous Symbol]
    app.o(.text.tInitApp) refers to app.o(.bss.task1Env) for task1Env
    app.o(.text.tInitApp) refers to app.o(.bss.tTask1) for tTask1
    app.o(.text.tInitApp) refers to app.o(.text.task1Entry) for task1Entry
    app.o(.text.tInitApp) refers to ttask.o(.text.tTaskInit) for tTaskInit
    app.o(.text.tInitApp) refers to app.o(.bss.task2Env) for task2Env
    app.o(.text.tInitApp) refers to app.o(.bss.tTask2) for tTask2
    app.o(.text.tInitApp) refers to app.o(.text.task2Entry) for task2Entry
    app.o(.text.tInitApp) refers to app.o(.bss.task3Env) for task3Env
    app.o(.text.tInitApp) refers to app.o(.bss.tTask3) for tTask3
    app.o(.text.tInitApp) refers to app.o(.text.task3Entry) for task3Entry
    app.o(.ARM.exidx.text.tInitApp) refers to app.o(.text.tInitApp) for [Anonymous Symbol]
    cortex.o(.text) refers to main.o(.bss.currentTask) for currentTask
    cortex.o(.text) refers to main.o(.bss.nextTask) for nextTask
    main.o(.text.tTaskHighestReady) refers to main.o(.bss.taskPrioBitmap) for taskPrioBitmap
    main.o(.text.tTaskHighestReady) refers to tbitmap.o(.text.tBitmapGetFirstSet) for tBitmapGetFirstSet
    main.o(.text.tTaskHighestReady) refers to main.o(.bss.taskTable) for taskTable
    main.o(.text.tTaskHighestReady) refers to tlist.o(.text.tListFirst) for tListFirst
    main.o(.ARM.exidx.text.tTaskHighestReady) refers to main.o(.text.tTaskHighestReady) for [Anonymous Symbol]
    main.o(.text.tTaskSchedInit) refers to main.o(.bss.schedLockCount) for schedLockCount
    main.o(.text.tTaskSchedInit) refers to main.o(.bss.taskTable) for taskTable
    main.o(.text.tTaskSchedInit) refers to tlist.o(.text.tListInit) for tListInit
    main.o(.ARM.exidx.text.tTaskSchedInit) refers to main.o(.text.tTaskSchedInit) for [Anonymous Symbol]
    main.o(.text.tTaskSchedDisable) refers to switch.o(.text.tTaskEnterCritical) for tTaskEnterCritical
    main.o(.text.tTaskSchedDisable) refers to main.o(.bss.schedLockCount) for schedLockCount
    main.o(.text.tTaskSchedDisable) refers to switch.o(.text.tTaskExitCritical) for tTaskExitCritical
    main.o(.ARM.exidx.text.tTaskSchedDisable) refers to main.o(.text.tTaskSchedDisable) for [Anonymous Symbol]
    main.o(.text.tTaskSchedEnable) refers to switch.o(.text.tTaskEnterCritical) for tTaskEnterCritical
    main.o(.text.tTaskSchedEnable) refers to main.o(.bss.schedLockCount) for schedLockCount
    main.o(.text.tTaskSchedEnable) refers to main.o(.text.tTaskSched) for tTaskSched
    main.o(.text.tTaskSchedEnable) refers to switch.o(.text.tTaskExitCritical) for tTaskExitCritical
    main.o(.ARM.exidx.text.tTaskSchedEnable) refers to main.o(.text.tTaskSchedEnable) for [Anonymous Symbol]
    main.o(.text.tTaskSched) refers to switch.o(.text.tTaskEnterCritical) for tTaskEnterCritical
    main.o(.text.tTaskSched) refers to main.o(.bss.schedLockCount) for schedLockCount
    main.o(.text.tTaskSched) refers to switch.o(.text.tTaskExitCritical) for tTaskExitCritical
    main.o(.text.tTaskSched) refers to main.o(.text.tTaskHighestReady) for tTaskHighestReady
    main.o(.text.tTaskSched) refers to main.o(.bss.currentTask) for currentTask
    main.o(.text.tTaskSched) refers to main.o(.bss.nextTask) for nextTask
    main.o(.text.tTaskSched) refers to switch.o(.text.tTaskSwitch) for tTaskSwitch
    main.o(.ARM.exidx.text.tTaskSched) refers to main.o(.text.tTaskSched) for [Anonymous Symbol]
    main.o(.text.tTaskSchedRdy) refers to main.o(.bss.taskTable) for taskTable
    main.o(.text.tTaskSchedRdy) refers to tlist.o(.text.tListAddLast) for tListAddLast
    main.o(.text.tTaskSchedRdy) refers to main.o(.bss.taskPrioBitmap) for taskPrioBitmap
    main.o(.text.tTaskSchedRdy) refers to tbitmap.o(.text.tBitmapSet) for tBitmapSet
    main.o(.ARM.exidx.text.tTaskSchedRdy) refers to main.o(.text.tTaskSchedRdy) for [Anonymous Symbol]
    main.o(.text.tTaskSchedUnRdy) refers to main.o(.bss.taskTable) for taskTable
    main.o(.text.tTaskSchedUnRdy) refers to tlist.o(.text.tListRemove) for tListRemove
    main.o(.text.tTaskSchedUnRdy) refers to tlist.o(.text.tListCount) for tListCount
[...]
    main.o(.text.main) refers to main.o(.text.tTimeTickInit) for tTimeTickInit
    main.o(.text.main) refers to main.o(.bss.idleTaskEnv) for idleTaskEnv
    main.o(.text.main) refers to main.o(.bss.tTaskIdle) for tTaskIdle
    main.o(.text.main) refers to main.o(.text.idleTaskEntry) for idleTaskEntry
    main.o(.text.main) refers to ttask.o(.text.tTaskInit) for tTaskInit
    main.o(.text.main) refers to main.o(.text.tTaskHighestReady) for tTaskHighestReady
    main.o(.text.main) refers to main.o(.bss.nextTask) for nextTask
    main.o(.text.main) refers to switch.o(.text.tTaskRunFirst) for tTaskRunFirst
    main.o(.ARM.exidx.text.main) refers to main.o(.text.main) for [Anonymous Symbol]
    switch.o(.ARM.exidx.text.tTaskEnterCritical) refers to switch.o(.text.tTaskEnterCritical) for [Anonymous Symbol]
    switch.o(.ARM.exidx.text.tTaskExitCritical) refers to switch.o(.text.tTaskExitCritical) for [Anonymous Symbol]
    switch.o(.ARM.exidx.text.tTaskRunFirst) refers to switch.o(.text.tTaskRunFirst) for [Anonymous Symbol]
    switch.o(.ARM.exidx.text.tTaskSwitch) refers to switch.o(.text.tTaskSwitch) for [Anonymous Symbol]
    tbitmap.o(.ARM.exidx.text.tBitmapInit) refers to tbitmap.o(.text.tBitmapInit) for [Anonymous Symbol]
    tbitmap.o(.ARM.exidx.text.tBitmapPosCount) refers to tbitmap.o(.text.tBitmapPosCount) for [Anonymous Symbol]
    tbitmap.o(.ARM.exidx.text.tBitmapSet) refers to tbitmap.o(.text.tBitmapSet) for [Anonymous Symbol]
    tbitmap.o(.ARM.exidx.text.tBitmapClear) refers to tbitmap.o(.text.tBitmapClear) for [Anonymous Symbol]
    tbitmap.o(.text.tBitmapGetFirstSet) refers to tbitmap.o(.rodata.tBitmapGetFirstSet.quickFindTable) for tBitmapGetFirstSet.quickFindTable
    tbitmap.o(.text.tBitmapGetFirstSet) refers to tbitmap.o(.text.tBitmapPosCount) for tBitmapPosCount
    tbitmap.o(.ARM.exidx.text.tBitmapGetFirstSet) refers to tbitmap.o(.text.tBitmapGetFirstSet) for [Anonymous Symbol]
    tcpu.o(.text.tSetSysTickPeriod) refers to system_stm32f10x.o(.data.SystemCoreClock) for SystemCoreClock
    tcpu.o(.text.tSetSysTickPeriod) refers to tcpu.o(.text.__NVIC_SetPriority) for __NVIC_SetPriority
    tcpu.o(.ARM.exidx.text.tSetSysTickPeriod) refers to tcpu.o(.text.tSetSysTickPeriod) for [Anonymous Symbol]
    tcpu.o(.ARM.exidx.text.__NVIC_SetPriority) refers to tcpu.o(.text.__NVIC_SetPriority) for [Anonymous Symbol]
    tcpu.o(.text.SysTick_Handler) refers to main.o(.text.tTaskSystemTickHandler) for tTaskSystemTickHandler
    tcpu.o(.ARM.exidx.text.SysTick_Handler) refers to tcpu.o(.text.SysTick_Handler) for [Anonymous Symbol]
    tevent.o(.text.tEventInit) refers to tlist.o(.text.tListInit) for tListInit
    tevent.o(.ARM.exidx.text.tEventInit) refers to tevent.o(.text.tEventInit) for [Anonymous Symbol]
    tevent.o(.text.tEventWait) refers to switch.o(.text.tTaskEnterCritical) for tTaskEnterCritical
    tevent.o(.text.tEventWait) refers to main.o(.text.tTaskSchedUnRdy) for tTaskSchedUnRdy
    tevent.o(.text.tEventWait) refers to tlist.o(.text.tListAddLast) for tListAddLast
    tevent.o(.text.tEventWait) refers to main.o(.text.tTimeTaskWait) for tTimeTaskWait
    tevent.o(.text.tEventWait) refers to switch.o(.text.tTaskExitCritical) for tTaskExitCritical
    tevent.o(.ARM.exidx.text.tEventWait) refers to tevent.o(.text.tEventWait) for [Anonymous Symbol]
    tevent.o(.text.tEventWakeUp) refers to switch.o(.text.tTaskEnterCritical) for tTaskEnterCritical
    tevent.o(.text.tEventWakeUp) refers to tlist.o(.text.tListRemoveFirst) for tListRemoveFirst
    tevent.o(.text.tEventWakeUp) refers to main.o(.text.tTimeTaskWakeUp) for tTimeTaskWakeUp
    tevent.o(.text.tEventWakeUp) refers to main.o(.text.tTaskSchedRdy) for tTaskSchedRdy
    tevent.o(.text.tEventWakeUp) refers to switch.o(.text.tTaskExitCritical) for tTaskExitCritical
    tevent.o(.ARM.exidx.text.tEventWakeUp) refers to tevent.o(.text.tEventWakeUp) for [Anonymous Symbol]
    tevent.o(.text.tEventWakeUpTask) refers to switch.o(.text.tTaskEnterCritical) for tTaskEnterCritical
    tevent.o(.text.tEventWakeUpTask) refers to tlist.o(.text.tListRemove) for tListRemove
    tevent.o(.text.tEventWakeUpTask) refers to main.o(.text.tTimeTaskWakeUp) for tTimeTaskWakeUp
    tevent.o(.text.tEventWakeUpTask) refers to main.o(.text.tTaskSchedRdy) for tTaskSchedRdy
    tevent.o(.text.tEventWakeUpTask) refers to switch.o(.text.tTaskExitCritical) for tTaskExitCritical
    tevent.o(.ARM.exidx.text.tEventWakeUpTask) refers to tevent.o(.text.tEventWakeUpTask) for [Anonymous Symbol]
    tevent.o(.text.tEventRemoveTask) refers to switch.o(.text.tTaskEnterCritical) for tTaskEnterCritical
    tevent.o(.text.tEventRemoveTask) refers to tlist.o(.text.tListRemove) for tListRemove
    tevent.o(.text.tEventRemoveTask) refers to switch.o(.text.tTaskExitCritical) for tTaskExitCritical
    tevent.o(.ARM.exidx.text.tEventRemoveTask) refers to tevent.o(.text.tEventRemoveTask) for [Anonymous Symbol]
    tevent.o(.text.tEventRemoveAll) refers to switch.o(.text.tTaskEnterCritical) for tTaskEnterCritical
    tevent.o(.text.tEventRemoveAll) refers to tlist.o(.text.tListCount) for tListCount
    tevent.o(.text.tEventRemoveAll) refers to tlist.o(.text.tListRemoveFirst) for tListRemoveFirst
    tevent.o(.text.tEventRemoveAll) refers to main.o(.text.tTimeTaskWakeUp) for tTimeTaskWakeUp
    tevent.o(.text.tEventRemoveAll) refers to main.o(.text.tTaskSchedRdy) for tTaskSchedRdy
    tevent.o(.text.tEventRemoveAll) refers to switch.o(.text.tTaskExitCritical) for tTaskExitCritical
    tevent.o(.ARM.exidx.text.tEventRemoveAll) refers to tevent.o(.text.tEventRemoveAll) for [Anonymous Symbol]
    tevent.o(.text.tEventWaitCount) refers to switch.o(.text.tTaskEnterCritical) for tTaskEnterCritical
    tevent.o(.text.tEventWaitCount) refers to tlist.o(.text.tListCount) for tListCount
    tevent.o(.text.tEventWaitCount) refers to switch.o(.text.tTaskExitCritical) for tTaskExitCritical
    tevent.o(.ARM.exidx.text.tEventWaitCount) refers to tevent.o(.text.tEventWaitCount) for [Anonymous Symbol]
    tlist.o(.ARM.exidx.text.tNodeInit) refers to tlist.o(.text.tNodeInit) for [Anonymous Symbol]
    tlist.o(.ARM.exidx.text.tListInit) refers to tlist.o(.text.tListInit) for [Anonymous Symbol]
    tlist.o(.ARM.exidx.text.tListCount) refers to tlist.o(.text.tListCount) for [Anonymous Symbol]
    tlist.o(.ARM.exidx.text.tListFirst) refers to tlist.o(.text.tListFirst) for [Anonymous Symbol]
    tlist.o(.ARM.exidx.text.tListLast) refers to tlist.o(.text.tListLast) for [Anonymous Symbol]
    tlist.o(.ARM.exidx.text.tListPpre) refers to tlist.o(.text.tListPpre) for [Anonymous Symbol]
    tlist.o(.ARM.exidx.text.tListNext) refers to tlist.o(.text.tListNext) for [Anonymous Symbol]
    tlist.o(.ARM.exidx.text.tListRemoveAll) refers to tlist.o(.text.tListRemoveAll) for [Anonymous Symbol]
    tlist.o(.ARM.exidx.text.tListAddFirst) refers to tlist.o(.text.tListAddFirst) for [Anonymous Symbol]
    tlist.o(.ARM.exidx.text.tListAddLast) refers to tlist.o(.text.tListAddLast) for [Anonymous Symbol]
    tlist.o(.ARM.exidx.text.tListRemoveFirst) refers to tlist.o(.text.tListRemoveFirst) for [Anonymous Symbol]
    tlist.o(.ARM.exidx.text.tListInsertAfter) refers to tlist.o(.text.tListInsertAfter) for [Anonymous Symbol]
    tlist.o(.ARM.exidx.text.tListRemove) refers to tlist.o(.text.tListRemove) for [Anonymous Symbol]
    ttask.o(.text.tTaskInit) refers to rt_memclr_w.o(.text) for __aeabi_memclr4
    ttask.o(.text.tTaskInit) refers to tlist.o(.text.tNodeInit) for tNodeInit
    ttask.o(.text.tTaskInit) refers to main.o(.text.tTaskSchedRdy) for tTaskSchedRdy
    ttask.o(.ARM.exidx.text.tTaskInit) refers to ttask.o(.text.tTaskInit) for [Anonymous Symbol]
    ttask.o(.text.tTaskSuspend) refers to switch.o(.text.tTaskEnterCritical) for tTaskEnterCritical
    ttask.o(.text.tTaskSuspend) refers to main.o(.text.tTaskSchedUnRdy) for tTaskSchedUnRdy
    ttask.o(.text.tTaskSuspend) refers to main.o(.bss.currentTask) for currentTask
    ttask.o(.text.tTaskSuspend) refers to main.o(.text.tTaskSched) for tTaskSched
    ttask.o(.text.tTaskSuspend) refers to switch.o(.text.tTaskExitCritical) for tTaskExitCritical
    ttask.o(.ARM.exidx.text.tTaskSuspend) refers to ttask.o(.text.tTaskSuspend) for [Anonymous Symbol]
    ttask.o(.text.tTaskWakeUp) refers to switch.o(.text.tTaskEnterCritical) for tTaskEnterCritical
    ttask.o(.text.tTaskWakeUp) refers to main.o(.text.tTaskSchedRdy) for tTaskSchedRdy
    ttask.o(.text.tTaskWakeUp) refers to main.o(.text.tTaskSched) for tTaskSched
    ttask.o(.text.tTaskWakeUp) refers to switch.o(.text.tTaskExitCritical) for tTaskExitCritical
    ttask.o(.ARM.exidx.text.tTaskWakeUp) refers to ttask.o(.text.tTaskWakeUp) for [Anonymous Symbol]
    ttask.o(.ARM.exidx.text.tTaskSetCleanCallFun) refers to ttask.o(.text.tTaskSetCleanCallFun) for [Anonymous Symbol]
    ttask.o(.text.tTaskForceDelete) refers to switch.o(.text.tTaskEnterCritical) for tTaskEnterCritical
    ttask.o(.text.tTaskForceDelete) refers to main.o(.text.tTimeTaskRemove) for tTimeTaskRemove
    ttask.o(.text.tTaskForceDelete) refers to main.o(.text.tTaskSchedRemove) for tTaskSchedRemove
    ttask.o(.text.tTaskForceDelete) refers to main.o(.bss.currentTask) for currentTask
    ttask.o(.text.tTaskForceDelete) refers to main.o(.text.tTaskSched) for tTaskSched
    ttask.o(.text.tTaskForceDelete) refers to switch.o(.text.tTaskExitCritical) for tTaskExitCritical
    ttask.o(.ARM.exidx.text.tTaskForceDelete) refers to ttask.o(.text.tTaskForceDelete) for [Anonymous Symbol]
    ttask.o(.text.tTaskRequestDelete) refers to switch.o(.text.tTaskEnterCritical) for tTaskEnterCritical
    ttask.o(.text.tTaskRequestDelete) refers to switch.o(.text.tTaskExitCritical) for tTaskExitCritical
    ttask.o(.ARM.exidx.text.tTaskRequestDelete) refers to ttask.o(.text.tTaskRequestDelete) for [Anonymous Symbol]
    ttask.o(.text.tTaskIsRequestedDeleted) refers to switch.o(.text.tTaskEnterCritical) for tTaskEnterCritical
    ttask.o(.text.tTaskIsRequestedDeleted) refers to main.o(.bss.currentTask) for currentTask
    ttask.o(.text.tTaskIsRequestedDeleted) refers to switch.o(.text.tTaskExitCritical) for tTaskExitCritical
    ttask.o(.ARM.exidx.text.tTaskIsRequestedDeleted) refers to ttask.o(.text.tTaskIsRequestedDeleted) for [Anonymous Symbol]
    ttask.o(.text.tTaskDeleteSelf) refers to switch.o(.text.tTaskEnterCritical) for tTaskEnterCritical
    ttask.o(.text.tTaskDeleteSelf) refers to main.o(.bss.currentTask) for currentTask
    ttask.o(.text.tTaskDeleteSelf) refers to main.o(.text.tTaskSchedRemove) for tTaskSchedRemove
    ttask.o(.text.tTaskDeleteSelf) refers to main.o(.text.tTaskSched) for tTaskSched
    ttask.o(.text.tTaskDeleteSelf) refers to switch.o(.text.tTaskExitCritical) for tTaskExitCritical
    ttask.o(.ARM.exidx.text.tTaskDeleteSelf) refers to ttask.o(.text.tTaskDeleteSelf) for [Anonymous Symbol]
    ttask.o(.text.tTaskGetInfo) refers to switch.o(.text.tTaskEnterCritical) for tTaskEnterCritical
    ttask.o(.text.tTaskGetInfo) refers to switch.o(.text.tTaskExitCritical) for tTaskExitCritical
    ttask.o(.ARM.exidx.text.tTaskGetInfo) refers to ttask.o(.text.tTaskGetInfo) for [Anonymous Symbol]
    ttime.o(.text.tTaskDelay) refers to switch.o(.text.tTaskEnterCritical) for tTaskEnterCritical
    ttime.o(.text.tTaskDelay) refers to main.o(.bss.currentTask) for currentTask
    ttime.o(.text.tTaskDelay) refers to main.o(.text.tTimeTaskWait) for tTimeTaskWait
    ttime.o(.text.tTaskDelay) refers to main.o(.text.tTaskSchedUnRdy) for tTaskSchedUnRdy
    ttime.o(.text.tTaskDelay) refers to main.o(.text.tTaskSched) for tTaskSched
    ttime.o(.text.tTaskDelay) refers to switch.o(.text.tTaskExitCritical) for tTaskExitCritical
    ttime.o(.ARM.exidx.text.tTaskDelay) refers to ttime.o(.text.tTaskDelay) for [Anonymous Symbol]
    startup_stm32f10x_md.o(STACK) refers (Special) to heapauxi.o(.text) for __use_two_region_memory
    startup_stm32f10x_md.o(HEAP) refers (Special) to heapauxi.o(.text) for __use_two_region_memory
    startup_stm32f10x_md.o(RESET) refers (Special) to heapauxi.o(.text) for __use_two_region_memory
    startup_stm32f10x_md.o(RESET) refers to startup_stm32f10x_md.o(STACK) for __initial_sp
    startup_stm32f10x_md.o(RESET) refers to startup_stm32f10x_md.o(.text) for Reset_Handler
    startup_stm32f10x_md.o(RESET) refers to cortex.o(.text) for PendSV_Handler
    startup_stm32f10x_md.o(RESET) refers to tcpu.o(.text.SysTick_Handler) for SysTick_Handler
    startup_stm32f10x_md.o(.text) refers (Special) to heapauxi.o(.text) for __use_two_region_memory
    startup_stm32f10x_md.o(.text) refers to system_stm32f10x.o(.text.SystemInit) for SystemInit
    startup_stm32f10x_md.o(.text) refers to __main.o(!!!main) for __main
    startup_stm32f10x_md.o(.text) refers to startup_stm32f10x_md.o(HEAP) for Heap_Mem
    startup_stm32f10x_md.o(.text) refers to startup_stm32f10x_md.o(STACK) for Stack_Mem
    system_stm32f10x.o(.text.SystemInit) refers to system_stm32f10x.o(.text.SetSysClock) for SetSysClock
    system_stm32f10x.o(.ARM.exidx.text.SystemInit) refers to system_stm32f10x.o(.text.SystemInit) for [Anonymous Symbol]
    system_stm32f10x.o(.text.SetSysClock) refers to system_stm32f10x.o(.text.SetSysClockTo72) for SetSysClockTo72
    system_stm32f10x.o(.ARM.exidx.text.SetSysClock) refers to system_stm32f10x.o(.text.SetSysClock) for [Anonymous Symbol]
    system_stm32f10x.o(.text.SystemCoreClockUpdate) refers to system_stm32f10x.o(.data.SystemCoreClock) for SystemCoreClock
    system_stm32f10x.o(.text.SystemCoreClockUpdate) refers to system_stm32f10x.o(.rodata.AHBPrescTable) for AHBPrescTable
    system_stm32f10x.o(.ARM.exidx.text.SystemCoreClockUpdate) refers to system_stm32f10x.o(.text.SystemCoreClockUpdate) for [Anonymous Symbol]
    system_stm32f10x.o(.ARM.exidx.text.SetSysClockTo72) refers to system_stm32f10x.o(.text.SetSysClockTo72) for [Anonymous Symbol]
    __main.o(!!!main) refers to __rtentry.o(.ARM.Collect$$rtentry$$00000000) for __rt_entry
    __rtentry.o(.ARM.Collect$$rtentry$$00000000) refers (Special) to __rtentry2.o(.ARM.Collect$$rtentry$$0000000A) for __rt_entry_li
    __rtentry.o(.ARM.Collect$$rtentry$$00000000) refers (Special) to __rtentry2.o(.ARM.Collect$$rtentry$$0000000D) for __rt_entry_main
    __rtentry.o(.ARM.Collect$$rtentry$$00000000) refers (Special) to __rtentry2.o(.ARM.Collect$$rtentry$$0000000C) for __rt_entry_postli_1
    __rtentry.o(.ARM.Collect$$rtentry$$00000000) refers (Special) to __rtentry2.o(.ARM.Collect$$rtentry$$00000009) for __rt_entry_postsh_1
    __rtentry.o(.ARM.Collect$$rtentry$$00000000) refers (Special) to __rtentry2.o(.ARM.Collect$$rtentry$$00000002) for __rt_entry_presh_1
    __rtentry.o(.ARM.Collect$$rtentry$$00000000) refers (Special) to __rtentry4.o(.ARM.Collect$$rtentry$$00000004) for __rt_entry_sh
    __rtentry2.o(.ARM.Collect$$rtentry$$00000008) refers to boardinit2.o(.text) for _platform_post_stackheap_init
    __rtentry2.o(.ARM.Collect$$rtentry$$0000000A) refers to libinit.o(.ARM.Collect$$libinit$$00000000) for __rt_lib_init
    __rtentry2.o(.ARM.Collect$$rtentry$$0000000B) refers to boardinit3.o(.text) for _platform_post_lib_init
    __rtentry2.o(.ARM.Collect$$rtentry$$0000000D) refers to main.o(.text.main) for main
    __rtentry2.o(.ARM.Collect$$rtentry$$0000000D) refers to exit.o(.text) for exit
    __rtentry2.o(.ARM.exidx) refers to __rtentry2.o(.ARM.Collect$$rtentry$$00000001) for .ARM.Collect$$rtentry$$00000001
    __rtentry2.o(.ARM.exidx) refers to __rtentry2.o(.ARM.Collect$$rtentry$$00000008) for .ARM.Collect$$rtentry$$00000008
    __rtentry2.o(.ARM.exidx) refers to __rtentry2.o(.ARM.Collect$$rtentry$$0000000A) for .ARM.Collect$$rtentry$$0000000A
    __rtentry2.o(.ARM.exidx) refers to __rtentry2.o(.ARM.Collect$$rtentry$$0000000B) for .ARM.Collect$$rtentry$$0000000B
    __rtentry2.o(.ARM.exidx) refers to __rtentry2.o(.ARM.Collect$$rtentry$$0000000D) for .ARM.Collect$$rtentry$$0000000D
    __rtentry4.o(.ARM.Collect$$rtentry$$00000004) refers to sys_stackheap_outer.o(.text) for __user_setup_stackheap
    __rtentry4.o(.ARM.exidx) refers to __rtentry4.o(.ARM.Collect$$rtentry$$00000004) for .ARM.Collect$$rtentry$$00000004
    sys_stackheap_outer.o(.text) refers to libspace.o(.text) for __user_perproc_libspace
    sys_stackheap_outer.o(.text) refers to startup_stm32f10x_md.o(.text) for __user_initial_stackheap
    exit.o(.text) refers to rtexit.o(.ARM.Collect$$rtexit$$00000000) for __rt_exit
    libinit.o(.ARM.Collect$$libinit$$00000000) refers (Special) to libinit2.o(.ARM.Collect$$libinit$$00000030) for __rt_lib_init_alloca_1
    libinit.o(.ARM.Collect$$libinit$$00000000) refers (Special) to libinit2.o(.ARM.Collect$$libinit$$0000002E) for __rt_lib_init_argv_1
    libinit.o(.ARM.Collect$$libinit$$00000000) refers (Special) to libinit2.o(.ARM.Collect$$libinit$$0000001D) for __rt_lib_init_atexit_1
    libinit.o(.ARM.Collect$$libinit$$00000000) refers (Special) to libinit2.o(.ARM.Collect$$libinit$$00000023) for __rt_lib_init_clock_1
    libinit.o(.ARM.Collect$$libinit$$00000000) refers (Special) to libinit2.o(.ARM.Collect$$libinit$$00000034) for __rt_lib_init_cpp_1
    libinit.o(.ARM.Collect$$libinit$$00000000) refers (Special) to libinit2.o(.ARM.Collect$$libinit$$00000032) for __rt_lib_init_exceptions_1
    libinit.o(.ARM.Collect$$libinit$$00000000) refers (Special) to libinit2.o(.ARM.Collect$$libinit$$00000002) for __rt_lib_init_fp_1
    libinit.o(.ARM.Collect$$libinit$$00000000) refers (Special) to libinit2.o(.ARM.Collect$$libinit$$00000021) for __rt_lib_init_fp_trap_1
    libinit.o(.ARM.Collect$$libinit$$00000000) refers (Special) to libinit2.o(.ARM.Collect$$libinit$$00000025) for __rt_lib_init_getenv_1
    libinit.o(.ARM.Collect$$libinit$$00000000) refers (Special) to libinit2.o(.ARM.Collect$$libinit$$0000000C) for __rt_lib_init_heap_1
    libinit.o(.ARM.Collect$$libinit$$00000000) refers (Special) to libinit2.o(.ARM.Collect$$libinit$$00000013) for __rt_lib_init_lc_collate_1
    libinit.o(.ARM.Collect$$libinit$$00000000) refers (Special) to libinit2.o(.ARM.Collect$$libinit$$00000015) for __rt_lib_init_lc_ctype_1
    libinit.o(.ARM.Collect$$libinit$$00000000) refers (Special) to libinit2.o(.ARM.Collect$$libinit$$00000017) for __rt_lib_init_lc_monetary_1
    libinit.o(.ARM.Collect$$libinit$$00000000) refers (Special) to libinit2.o(.ARM.Collect$$libinit$$00000019) for __rt_lib_init_lc_numeric_1
    libinit.o(.ARM.Collect$$libinit$$00000000) refers (Special) to libinit2.o(.ARM.Collect$$libinit$$0000001B) for __rt_lib_init_lc_time_1
    libinit.o(.ARM.Collect$$libinit$$00000000) refers (Special) to libinit2.o(.ARM.Collect$$libinit$$00000006) for __rt_lib_init_preinit_1
    libinit.o(.ARM.Collect$$libinit$$00000000) refers (Special) to libinit2.o(.ARM.Collect$$libinit$$00000010) for __rt_lib_init_rand_1
    libinit.o(.ARM.Collect$$libinit$$00000000) refers (Special) to libinit2.o(.ARM.Collect$$libinit$$00000004) for __rt_lib_init_relocate_pie_1
    libinit.o(.ARM.Collect$$libinit$$00000000) refers (Special) to libinit2.o(.ARM.Collect$$libinit$$00000035) for __rt_lib_init_return
    libinit.o(.ARM.Collect$$libinit$$00000000) refers (Special) to libinit2.o(.ARM.Collect$$libinit$$0000001F) for __rt_lib_init_signal_1
    libinit.o(.ARM.Collect$$libinit$$00000000) refers (Special) to libinit2.o(.ARM.Collect$$libinit$$00000027) for __rt_lib_init_stdio_1
    libinit.o(.ARM.Collect$$libinit$$00000000) refers (Special) to libinit2.o(.ARM.Collect$$libinit$$0000000E) for __rt_lib_init_user_alloc_1
    libspace.o(.text) refers to libspace.o(.bss) for __libspace_start
    rtexit.o(.ARM.Collect$$rtexit$$00000000) refers (Special) to rtexit2.o(.ARM.Collect$$rtexit$$00000004) for __rt_exit_exit
    rtexit.o(.ARM.Collect$$rtexit$$00000000) refers (Special) to rtexit2.o(.ARM.Collect$$rtexit$$00000003) for __rt_exit_ls
    rtexit.o(.ARM.Collect$$rtexit$$00000000) refers (Special) to rtexit2.o(.ARM.Collect$$rtexit$$00000002) for __rt_exit_prels_1
    rtexit.o(.ARM.exidx) refers (Special) to rtexit2.o(.ARM.Collect$$rtexit$$00000004) for __rt_exit_exit
    rtexit.o(.ARM.exidx) refers (Special) to rtexit2.o(.ARM.Collect$$rtexit$$00000003) for __rt_exit_ls
    rtexit.o(.ARM.exidx) refers (Special) to rtexit2.o(.ARM.Collect$$rtexit$$00000002) for __rt_exit_prels_1
    rtexit.o(.ARM.exidx) refers to rtexit.o(.ARM.Collect$$rtexit$$00000000) for .ARM.Collect$$rtexit$$00000000
    libinit2.o(.ARM.Collect$$libinit$$00000012) refers to libinit2.o(.ARM.Collect$$libinit$$00000011) for .ARM.Collect$$libinit$$00000011
    libinit2.o(.ARM.Collect$$libinit$$00000014) refers to libinit2.o(.ARM.Collect$$libinit$$00000011) for .ARM.Collect$$libinit$$00000011
    libinit2.o(.ARM.Collect$$libinit$$00000016) refers to libinit2.o(.ARM.Collect$$libinit$$00000011) for .ARM.Collect$$libinit$$00000011
    libinit2.o(.ARM.Collect$$libinit$$00000018) refers to libinit2.o(.ARM.Collect$$libinit$$00000011) for .ARM.Collect$$libinit$$00000011
    libinit2.o(.ARM.Collect$$libinit$$0000001A) refers to libinit2.o(.ARM.Collect$$libinit$$00000011) for .ARM.Collect$$libinit$$00000011
    libinit2.o(.ARM.Collect$$libinit$$00000028) refers to argv_veneer.o(.emb_text) for __ARM_argv_veneer
    libinit2.o(.ARM.Collect$$libinit$$00000029) refers to argv_veneer.o(.emb_text) for __ARM_argv_veneer
    rtexit2.o(.ARM.Collect$$rtexit$$00000003) refers to libshutdown.o(.ARM.Collect$$libshutdown$$00000000) for __rt_lib_shutdown
    rtexit2.o(.ARM.Collect$$rtexit$$00000004) refers to sys_exit.o(.text) for _sys_exit
    rtexit2.o(.ARM.exidx) refers to rtexit2.o(.ARM.Collect$$rtexit$$00000001) for .ARM.Collect$$rtexit$$00000001
    rtexit2.o(.ARM.exidx) refers to rtexit2.o(.ARM.Collect$$rtexit$$00000003) for .ARM.Collect$$rtexit$$00000003
    rtexit2.o(.ARM.exidx) refers to rtexit2.o(.ARM.Collect$$rtexit$$00000004) for .ARM.Collect$$rtexit$$00000004
    argv_veneer.o(.emb_text) refers to no_argv.o(.text) for __ARM_get_argv
    sys_exit.o(.text) refers (Special) to use_no_semi.o(.text) for __I$use$semihosting
    sys_exit.o(.text) refers (Special) to indicate_semi.o(.text) for __semihosting_library_function
    sys_exit_hlt.o(.text) refers (Special) to use_no_semi.o(.text) for __I$use$semihosting
    sys_exit_hlt.o(.text) refers (Special) to indicate_semi.o(.text) for __semihosting_library_function
    _get_argv_nomalloc.o(.text) refers (Special) to hrguard.o(.text) for __heap_region$guard
    _get_argv_nomalloc.o(.text) refers to defsig_rtmem_outer.o(.text) for __rt_SIGRTMEM
    _get_argv_nomalloc.o(.text) refers to sys_command.o(.text) for _sys_command_string
    libshutdown.o(.ARM.Collect$$libshutdown$$00000000) refers (Special) to libshutdown2.o(.ARM.Collect$$libshutdown$$00000002) for __rt_lib_shutdown_cpp_1
    libshutdown.o(.ARM.Collect$$libshutdown$$00000000) refers (Special) to libshutdown2.o(.ARM.Collect$$libshutdown$$00000007) for __rt_lib_shutdown_fp_trap_1
    libshutdown.o(.ARM.Collect$$libshutdown$$00000000) refers (Special) to libshutdown2.o(.ARM.Collect$$libshutdown$$0000000F) for __rt_lib_shutdown_heap_1
    libshutdown.o(.ARM.Collect$$libshutdown$$00000000) refers (Special) to libshutdown2.o(.ARM.Collect$$libshutdown$$00000010) for __rt_lib_shutdown_return
    libshutdown.o(.ARM.Collect$$libshutdown$$00000000) refers (Special) to libshutdown2.o(.ARM.Collect$$libshutdown$$0000000A) for __rt_lib_shutdown_signal_1
    libshutdown.o(.ARM.Collect$$libshutdown$$00000000) refers (Special) to libshutdown2.o(.ARM.Collect$$libshutdown$$00000004) for __rt_lib_shutdown_stdio_1
    libshutdown.o(.ARM.Collect$$libshutdown$$00000000) refers (Special) to libshutdown2.o(.ARM.Collect$$libshutdown$$0000000C) for __rt_lib_shutdown_user_alloc_1
    sys_command.o(.text) refers (Special) to use_no_semi.o(.text) for __I$use$semihosting
    sys_command.o(.text) refers (Special) to indicate_semi.o(.text) for __semihosting_library_function
    sys_command_hlt.o(.text) refers (Special) to use_no_semi.o(.text) for __I$use$semihosting
    sys_command_hlt.o(.text) refers (Special) to indicate_semi.o(.text) for __semihosting_library_function
    defsig_rtmem_outer.o(.text) refers to defsig_rtmem_inner.o(.text) for __rt_SIGRTMEM_inner
    defsig_rtmem_outer.o(.text) refers to defsig_exit.o(.text) for __sig_exit
    defsig_rtmem_formal.o(.text) refers to rt_raise.o(.text) for __rt_raise
    rt_raise.o(.text) refers to __raise.o(.text) for __raise
    rt_raise.o(.text) refers to sys_exit.o(.text) for _sys_exit
    defsig_exit.o(.text) refers to sys_exit.o(.text) for _sys_exit
    defsig_rtmem_inner.o(.text) refers to defsig_general.o(.text) for __default_signal_display
    __raise.o(.text) refers to defsig.o(CL$$defsig) for __default_signal_handler
    defsig_general.o(.text) refers to sys_wrch.o(.text) for _ttywrch
    sys_wrch.o(.text) refers (Special) to use_no_semi.o(.text) for __I$use$semihosting
    sys_wrch.o(.text) refers (Special) to indicate_semi.o(.text) for __semihosting_library_function
    sys_wrch_hlt.o(.text) refers (Special) to use_no_semi.o(.text) for __I$use$semihosting
    sys_wrch_hlt.o(.text) refers (Special) to indicate_semi.o(.text) for __semihosting_library_function
    defsig.o(CL$$defsig) refers to defsig_rtmem_inner.o(.text) for __rt_SIGRTMEM_inner
    defsig_abrt_inner.o(.text) refers to defsig_general.o(.text) for __default_signal_display
    defsig_fpe_inner.o(.text) refers to defsig_general.o(.text) for __default_signal_display
    defsig_rtred_inner.o(.text) refers to defsig_general.o(.text) for __default_signal_display
    defsig_stak_inner.o(.text) refers to defsig_general.o(.text) for __default_signal_display
    defsig_pvfn_inner.o(.text) refers to defsig_general.o(.text) for __default_signal_display
    defsig_cppl_inner.o(.text) refers to defsig_general.o(.text) for __default_signal_display
    defsig_segv_inner.o(.text) refers to defsig_general.o(.text) for __default_signal_display
    defsig_other.o(.text) refers to defsig_general.o(.text) for __default_signal_display


==============================================================================

Removing Unused input sections from the image.

    Removing app.o(.text), (0 bytes).
    Removing app.o(.ARM.exidx.text.task1Entry), (8 bytes).
    Removing app.o(.ARM.exidx.text.task2Entry), (8 bytes).
    Removing app.o(.ARM.exidx.text.task3Entry), (8 bytes).
    Removing app.o(.ARM.exidx.text.tInitApp), (8 bytes).
    Removing main.o(.text), (0 bytes).
    Removing main.o(.ARM.exidx.text.tTaskHighestReady), (8 bytes).
    Removing main.o(.ARM.exidx.text.tTaskSchedInit), (8 bytes).
    Removing main.o(.ARM.exidx.text.tTaskSchedDisable), (8 bytes).
    Removing main.o(.text.tTaskSchedEnable), (64 bytes).
    Removing main.o(.ARM.exidx.text.tTaskSchedEnable), (8 bytes).
    Removing main.o(.ARM.exidx.text.tTaskSched), (8 bytes).
    Removing main.o(.ARM.exidx.text.tTaskSchedRdy), (8 bytes).
    Removing main.o(.ARM.exidx.text.tTaskSchedUnRdy), (8 bytes).
    Removing main.o(.text.tTaskSchedRemove), (78 bytes).
    Removing main.o(.ARM.exidx.text.tTaskSchedRemove), (8 bytes).
    Removing main.o(.ARM.exidx.text.tTaskDelayedInit), (8 bytes).
    Removing main.o(.ARM.exidx.text.tTimeTaskWait), (8 bytes).
    Removing main.o(.ARM.exidx.text.tTimeTaskWakeUp), (8 bytes).
    Removing main.o(.text.tTimeTaskRemove), (28 bytes).
    Removing main.o(.ARM.exidx.text.tTimeTaskRemove), (8 bytes).
    Removing main.o(.ARM.exidx.text.tTimeTickInit), (8 bytes).
    Removing main.o(.ARM.exidx.text.tTaskSystemTickHandler), (8 bytes).
    Removing main.o(.ARM.exidx.text.idleTaskEntry), (8 bytes).
    Removing main.o(.ARM.exidx.text.main), (8 bytes).
    Removing main.o(.bss.idleTask), (4 bytes).
    Removing main.o(.bss.idleMaxCount), (4 bytes).
    Removing main.o(.ARM.use_no_argv), (4 bytes).
    Removing switch.o(.text), (0 bytes).
    Removing switch.o(.ARM.exidx.text.tTaskEnterCritical), (8 bytes).
    Removing switch.o(.ARM.exidx.text.tTaskExitCritical), (8 bytes).
    Removing switch.o(.ARM.exidx.text.tTaskRunFirst), (8 bytes).
    Removing switch.o(.ARM.exidx.text.tTaskSwitch), (8 bytes).
    Removing tbitmap.o(.text), (0 bytes).
    Removing tbitmap.o(.text.tBitmapInit), (14 bytes).
    Removing tbitmap.o(.ARM.exidx.text.tBitmapInit), (8 bytes).
    Removing tbitmap.o(.ARM.exidx.text.tBitmapPosCount), (8 bytes).
    Removing tbitmap.o(.ARM.exidx.text.tBitmapSet), (8 bytes).
    Removing tbitmap.o(.ARM.exidx.text.tBitmapClear), (8 bytes).
    Removing tbitmap.o(.ARM.exidx.text.tBitmapGetFirstSet), (8 bytes).
    Removing tcpu.o(.text), (0 bytes).
    Removing tcpu.o(.ARM.exidx.text.tSetSysTickPeriod), (8 bytes).
    Removing tcpu.o(.ARM.exidx.text.__NVIC_SetPriority), (8 bytes).
    Removing tcpu.o(.ARM.exidx.text.SysTick_Handler), (8 bytes).
    Removing tevent.o(.text), (0 bytes).
    Removing tevent.o(.text.tEventInit), (26 bytes).
    Removing tevent.o(.ARM.exidx.text.tEventInit), (8 bytes).
    Removing tevent.o(.text.tEventWait), (90 bytes).
    Removing tevent.o(.ARM.exidx.text.tEventWait), (8 bytes).
    Removing tevent.o(.text.tEventWakeUp), (104 bytes).
    Removing tevent.o(.ARM.exidx.text.tEventWakeUp), (8 bytes).
    Removing tevent.o(.text.tEventWakeUpTask), (90 bytes).
    Removing tevent.o(.ARM.exidx.text.tEventWakeUpTask), (8 bytes).
    Removing tevent.o(.ARM.exidx.text.tEventRemoveTask), (8 bytes).
    Removing tevent.o(.text.tEventRemoveAll), (116 bytes).
    Removing tevent.o(.ARM.exidx.text.tEventRemoveAll), (8 bytes).
    Removing tevent.o(.text.tEventWaitCount), (38 bytes).
    Removing tevent.o(.ARM.exidx.text.tEventWaitCount), (8 bytes).
    Removing tflaggroup.o(.text), (0 bytes).
    Removing thooks.o(.text), (0 bytes).
    Removing tlist.o(.text), (0 bytes).
    Removing tlist.o(.ARM.exidx.text.tNodeInit), (8 bytes).
    Removing tlist.o(.ARM.exidx.text.tListInit), (8 bytes).
    Removing tlist.o(.ARM.exidx.text.tListCount), (8 bytes).
    Removing tlist.o(.ARM.exidx.text.tListFirst), (8 bytes).
    Removing tlist.o(.text.tListLast), (30 bytes).
    Removing tlist.o(.ARM.exidx.text.tListLast), (8 bytes).
    Removing tlist.o(.text.tListPpre), (36 bytes).
    Removing tlist.o(.ARM.exidx.text.tListPpre), (8 bytes).
    Removing tlist.o(.text.tListNext), (36 bytes).
    Removing tlist.o(.ARM.exidx.text.tListNext), (8 bytes).
    Removing tlist.o(.text.tListRemoveAll), (70 bytes).
    Removing tlist.o(.ARM.exidx.text.tListRemoveAll), (8 bytes).
    Removing tlist.o(.text.tListAddFirst), (50 bytes).
    Removing tlist.o(.ARM.exidx.text.tListAddFirst), (8 bytes).
    Removing tlist.o(.ARM.exidx.text.tListAddLast), (8 bytes).
    Removing tlist.o(.ARM.exidx.text.tListRemoveFirst), (8 bytes).
    Removing tlist.o(.text.tListInsertAfter), (48 bytes).
    Removing tlist.o(.ARM.exidx.text.tListInsertAfter), (8 bytes).
    Removing tlist.o(.ARM.exidx.text.tListRemove), (8 bytes).
    Removing tmbox.o(.text), (0 bytes).
    Removing tmemblock.o(.text), (0 bytes).
    Removing tmutex.o(.text), (0 bytes).
    Removing tsem.o(.text), (0 bytes).
    Removing ttask.o(.text), (0 bytes).
    Removing ttask.o(.ARM.exidx.text.tTaskInit), (8 bytes).
    Removing ttask.o(.text.tTaskSuspend), (94 bytes).
    Removing ttask.o(.ARM.exidx.text.tTaskSuspend), (8 bytes).
    Removing ttask.o(.text.tTaskWakeUp), (72 bytes).
    Removing ttask.o(.ARM.exidx.text.tTaskWakeUp), (8 bytes).
    Removing ttask.o(.text.tTaskSetCleanCallFun), (24 bytes).
    Removing ttask.o(.ARM.exidx.text.tTaskSetCleanCallFun), (8 bytes).
    Removing ttask.o(.text.tTaskForceDelete), (110 bytes).
    Removing ttask.o(.ARM.exidx.text.tTaskForceDelete), (8 bytes).
    Removing ttask.o(.text.tTaskRequestDelete), (30 bytes).
    Removing ttask.o(.ARM.exidx.text.tTaskRequestDelete), (8 bytes).
    Removing ttask.o(.text.tTaskIsRequestedDeleted), (42 bytes).
    Removing ttask.o(.ARM.exidx.text.tTaskIsRequestedDeleted), (8 bytes).
    Removing ttask.o(.text.tTaskDeleteSelf), (68 bytes).
    Removing ttask.o(.ARM.exidx.text.tTaskDeleteSelf), (8 bytes).
    Removing ttask.o(.text.tTaskGetInfo), (146 bytes).
    Removing ttask.o(.ARM.exidx.text.tTaskGetInfo), (8 bytes).
    Removing ttime.o(.text), (0 bytes).
    Removing ttime.o(.ARM.exidx.text.tTaskDelay), (8 bytes).
    Removing ttimer.o(.text), (0 bytes).
    Removing system_stm32f10x.o(.text), (0 bytes).
    Removing system_stm32f10x.o(.ARM.exidx.text.SystemInit), (8 bytes).
    Removing system_stm32f10x.o(.ARM.exidx.text.SetSysClock), (8 bytes).
    Removing system_stm32f10x.o(.text.SystemCoreClockUpdate), (290 bytes).
    Removing system_stm32f10x.o(.ARM.exidx.text.SystemCoreClockUpdate), (8 bytes).
    Removing system_stm32f10x.o(.ARM.exidx.text.SetSysClockTo72), (8 bytes).
    Removing system_stm32f10x.o(.rodata.AHBPrescTable), (16 bytes).

112 unused section(s) (total 2350 bytes) removed from the image.

==============================================================================

Image Symbol Table

    Local Symbols

    Symbol Name                              Value     Ov Type        Size  Object(Section)

    ../clib/angel/boardlib.s                 0x00000000   Number         0  boardinit1.o ABSOLUTE
    ../clib/angel/boardlib.s                 0x00000000   Number         0  boardinit2.o ABSOLUTE
    ../clib/angel/boardlib.s                 0x00000000   Number         0  boardinit3.o ABSOLUTE
    ../clib/angel/boardlib.s                 0x00000000   Number         0  boardshut.o ABSOLUTE
    ../clib/angel/handlers.s                 0x00000000   Number         0  __scatter_copy.o ABSOLUTE
    ../clib/angel/handlers.s                 0x00000000   Number         0  __scatter_zi.o ABSOLUTE
    ../clib/angel/kernel.s                   0x00000000   Number         0  __rtentry.o ABSOLUTE
    ../clib/angel/kernel.s                   0x00000000   Number         0  __rtentry2.o ABSOLUTE
    ../clib/angel/kernel.s                   0x00000000   Number         0  __rtentry4.o ABSOLUTE
    ../clib/angel/kernel.s                   0x00000000   Number         0  rtexit.o ABSOLUTE
    ../clib/angel/kernel.s                   0x00000000   Number         0  rtexit2.o ABSOLUTE
    ../clib/angel/rt.s                       0x00000000   Number         0  rt_raise.o ABSOLUTE
    ../clib/angel/scatter.s                  0x00000000   Number         0  __scatter.o ABSOLUTE
    ../clib/angel/startup.s                  0x00000000   Number         0  __main.o ABSOLUTE
    ../clib/angel/sys.s                      0x00000000   Number         0  sys_stackheap_outer.o ABSOLUTE
    ../clib/angel/sys.s                      0x00000000   Number         0  libspace.o ABSOLUTE
    ../clib/angel/sys.s                      0x00000000   Number         0  use_no_semi.o ABSOLUTE
    ../clib/angel/sys.s                      0x00000000   Number         0  indicate_semi.o ABSOLUTE
    ../clib/angel/sysapp.c                   0x00000000   Number         0  sys_exit.o ABSOLUTE
    ../clib/angel/sysapp.c                   0x00000000   Number         0  sys_exit_hlt.o ABSOLUTE
    ../clib/angel/sysapp.c                   0x00000000   Number         0  sys_command.o ABSOLUTE
    ../clib/angel/sysapp.c                   0x00000000   Number         0  sys_command_hlt.o ABSOLUTE
    ../clib/angel/sysapp.c                   0x00000000   Number         0  sys_wrch.o ABSOLUTE
    ../clib/angel/sysapp.c                   0x00000000   Number         0  sys_wrch_hlt.o ABSOLUTE
    ../clib/armsys.c                         0x00000000   Number         0  argv_veneer.o ABSOLUTE
    ../clib/armsys.c                         0x00000000   Number         0  argv_veneer.o ABSOLUTE
    ../clib/armsys.c                         0x00000000   Number         0  _get_argv_nomalloc.o ABSOLUTE
    ../clib/armsys.c                         0x00000000   Number         0  no_argv.o ABSOLUTE
    ../clib/heapalloc.c                      0x00000000   Number         0  hrguard.o ABSOLUTE
    ../clib/heapaux.c                        0x00000000   Number         0  heapauxi.o ABSOLUTE
    ../clib/libinit.s                        0x00000000   Number         0  libinit.o ABSOLUTE
    ../clib/libinit.s                        0x00000000   Number         0  libinit2.o ABSOLUTE
    ../clib/libinit.s                        0x00000000   Number         0  libshutdown.o ABSOLUTE
    ../clib/libinit.s                        0x00000000   Number         0  libshutdown2.o ABSOLUTE
    ../clib/memcpset.s                       0x00000000   Number         0  rt_memclr_w.o ABSOLUTE
    ../clib/signal.c                         0x00000000   Number         0  defsig_rtmem_outer.o ABSOLUTE
    ../clib/signal.c                         0x00000000   Number         0  defsig_rtmem_formal.o ABSOLUTE
    ../clib/signal.c                         0x00000000   Number         0  defsig_exit.o ABSOLUTE
    ../clib/signal.c                         0x00000000   Number         0  defsig_rtmem_inner.o ABSOLUTE
    ../clib/signal.c                         0x00000000   Number         0  __raise.o ABSOLUTE
    ../clib/signal.c                         0x00000000   Number         0  defsig_general.o ABSOLUTE
    ../clib/signal.c                         0x00000000   Number         0  defsig_abrt_inner.o ABSOLUTE
    ../clib/signal.c                         0x00000000   Number         0  defsig_fpe_inner.o ABSOLUTE
    ../clib/signal.c                         0x00000000   Number         0  defsig_rtred_inner.o ABSOLUTE
    ../clib/signal.c                         0x00000000   Number         0  defsig_stak_inner.o ABSOLUTE
    ../clib/signal.c                         0x00000000   Number         0  defsig_pvfn_inner.o ABSOLUTE
    ../clib/signal.c                         0x00000000   Number         0  defsig_cppl_inner.o ABSOLUTE
    ../clib/signal.c                         0x00000000   Number         0  defsig_segv_inner.o ABSOLUTE
    ../clib/signal.c                         0x00000000   Number         0  defsig_other.o ABSOLUTE
    ../clib/signal.s                         0x00000000   Number         0  defsig.o ABSOLUTE
    ../clib/stdlib.c                         0x00000000   Number         0  exit.o ABSOLUTE
    ../fplib/fpinit.s                        0x00000000   Number         0  fpinit.o ABSOLUTE
    ../fplib/fpinit_empty.s                  0x00000000   Number         0  fpinit_empty.o ABSOLUTE
    RTE/Device/STM32F103C8/startup_stm32f10x_md.s 0x00000000   Number         0  startup_stm32f10x_md.o ABSOLUTE
    Source/cortex.s                          0x00000000   Number         0  cortex.o ABSOLUTE
    app.c                                    0x00000000   Number         0  app.o ABSOLUTE
    dc.s                                     0x00000000   Number         0  dc.o ABSOLUTE
    main.c                                   0x00000000   Number         0  main.o ABSOLUTE
    switch.c                                 0x00000000   Number         0  switch.o ABSOLUTE
    system_stm32f10x.c                       0x00000000   Number         0  system_stm32f10x.o ABSOLUTE
    tBitmap.c                                0x00000000   Number         0  tbitmap.o ABSOLUTE
    tCpu.c                                   0x00000000   Number         0  tcpu.o ABSOLUTE
    tEvent.c                                 0x00000000   Number         0  tevent.o ABSOLUTE
    tFlagGroup.c                             0x00000000   Number         0  tflaggroup.o ABSOLUTE
    tHooks.c                                 0x00000000   Number         0  thooks.o ABSOLUTE
    tList.c                                  0x00000000   Number         0  tlist.o ABSOLUTE
    tMbox.c                                  0x00000000   Number         0  tmbox.o ABSOLUTE
    tMemBlock.c                              0x00000000   Number         0  tmemblock.o ABSOLUTE
    tMutex.c                                 0x00000000   Number         0  tmutex.o ABSOLUTE
    tSem.c                                   0x00000000   Number         0  tsem.o ABSOLUTE
    tTask.c                                  0x00000000   Number         0  ttask.o ABSOLUTE
    tTime.c                                  0x00000000   Number         0  ttime.o ABSOLUTE
    tTimer.c                                 0x00000000   Number         0  ttimer.o ABSOLUTE
    RESET                                    0x08000000   Section      236  startup_stm32f10x_md.o(RESET)
    !!!main                                  0x080000ec   Section        8  __main.o(!!!main)
    !!!scatter                               0x080000f4   Section       92  __scatter.o(!!!scatter)
    !!handler_copy                           0x08000150   Section       26  __scatter_copy.o(!!handler_copy)
    !!handler_null                           0x0800016c   Section        2  __scatter.o(!!handler_null)
    !!handler_zi                             0x08000170   Section       28  __scatter_zi.o(!!handler_zi)
    .ARM.Collect$$libinit$$00000000          0x0800018c   Section        2  libinit.o(.ARM.Collect$$libinit$$00000000)
    .ARM.Collect$$libinit$$00000002          0x0800018e   Section        0  libinit2.o(.ARM.Collect$$libinit$$00000002)
    .ARM.Collect$$libinit$$00000004          0x0800018e   Section        0  libinit2.o(.ARM.Collect$$libinit$$00000004)
    .ARM.Collect$$libinit$$00000006          0x0800018e   Section        0  libinit2.o(.ARM.Collect$$libinit$$00000006)
    .ARM.Collect$$libinit$$0000000C          0x0800018e   Section        0  libinit2.o(.ARM.Collect$$libinit$$0000000C)
    .ARM.Collect$$libinit$$0000000E          0x0800018e   Section        0  libinit2.o(.ARM.Collect$$libinit$$0000000E)
    .ARM.Collect$$libinit$$00000010          0x0800018e   Section        0  libinit2.o(.ARM.Collect$$libinit$$00000010)
    .ARM.Collect$$libinit$$00000013          0x0800018e   Section        0  libinit2.o(.ARM.Collect$$libinit$$00000013)
    .ARM.Collect$$libinit$$00000015          0x0800018e   Section        0  libinit2.o(.ARM.Collect$$libinit$$00000015)
    .ARM.Collect$$libinit$$00000017          0x0800018e   Section        0  libinit2.o(.ARM.Collect$$libinit$$00000017)
    .ARM.Collect$$libinit$$00000019          0x0800018e   Section        0  libinit2.o(.ARM.Collect$$libinit$$00000019)
    .ARM.Collect$$libinit$$0000001B          0x0800018e   Section        0  libinit2.o(.ARM.Collect$$libinit$$0000001B)
    .ARM.Collect$$libinit$$0000001D          0x0800018e   Section        0  libinit2.o(.ARM.Collect$$libinit$$0000001D)
    .ARM.Collect$$libinit$$0000001F          0x0800018e   Section        0  libinit2.o(.ARM.Collect$$libinit$$0000001F)
    .ARM.Collect$$libinit$$00000021          0x0800018e   Section        0  libinit2.o(.ARM.Collect$$libinit$$00000021)
    .ARM.Collect$$libinit$$00000023          0x0800018e   Section        0  libinit2.o(.ARM.Collect$$libinit$$00000023)
    .ARM.Collect$$libinit$$00000025          0x0800018e   Section        0  libinit2.o(.ARM.Collect$$libinit$$00000025)
    .ARM.Collect$$libinit$$00000027          0x0800018e   Section        0  libinit2.o(.ARM.Collect$$libinit$$00000027)
    .ARM.Collect$$libinit$$0000002E          0x0800018e   Section        0  libinit2.o(.ARM.Collect$$libinit$$0000002E)
    .ARM.Collect$$libinit$$00000030          0x0800018e   Section        0  libinit2.o(.ARM.Collect$$libinit$$00000030)
    .ARM.Collect$$libinit$$00000032          0x0800018e   Section        0  libinit2.o(.ARM.Collect$$libinit$$00000032)
    .ARM.Collect$$libinit$$00000034          0x0800018e   Section        0  libinit2.o(.ARM.Collect$$libinit$$00000034)
    .ARM.Collect$$libinit$$00000035          0x0800018e   Section        2  libinit2.o(.ARM.Collect$$libinit$$00000035)
    .ARM.Collect$$libshutdown$$00000000      0x08000190   Section        2  libshutdown.o(.ARM.Collect$$libshutdown$$00000000)
    .ARM.Collect$$libshutdown$$00000002      0x08000192   Section        0  libshutdown2.o(.ARM.Collect$$libshutdown$$00000002)
    .ARM.Collect$$libshutdown$$00000004      0x08000192   Section        0  libshutdown2.o(.ARM.Collect$$libshutdown$$00000004)
    .ARM.Collect$$libshutdown$$00000007      0x08000192   Section        0  libshutdown2.o(.ARM.Collect$$libshutdown$$00000007)
    .ARM.Collect$$libshutdown$$0000000A      0x08000192   Section        0  libshutdown2.o(.ARM.Collect$$libshutdown$$0000000A)
    .ARM.Collect$$libshutdown$$0000000C      0x08000192   Section        0  libshutdown2.o(.ARM.Collect$$libshutdown$$0000000C)
    .ARM.Collect$$libshutdown$$0000000F      0x08000192   Section        0  libshutdown2.o(.ARM.Collect$$libshutdown$$0000000F)
    .ARM.Collect$$libshutdown$$00000010      0x08000192   Section        2  libshutdown2.o(.ARM.Collect$$libshutdown$$00000010)
    .ARM.Collect$$rtentry$$00000000          0x08000194   Section        0  __rtentry.o(.ARM.Collect$$rtentry$$00000000)
    .ARM.Collect$$rtentry$$00000002          0x08000194   Section        0  __rtentry2.o(.ARM.Collect$$rtentry$$00000002)
    .ARM.Collect$$rtentry$$00000004          0x08000194   Section        6  __rtentry4.o(.ARM.Collect$$rtentry$$00000004)
    .ARM.Collect$$rtentry$$00000009          0x0800019a   Section        0  __rtentry2.o(.ARM.Collect$$rtentry$$00000009)
    .ARM.Collect$$rtentry$$0000000A          0x0800019a   Section        4  __rtentry2.o(.ARM.Collect$$rtentry$$0000000A)
    .ARM.Collect$$rtentry$$0000000C          0x0800019e   Section        0  __rtentry2.o(.ARM.Collect$$rtentry$$0000000C)
    .ARM.Collect$$rtentry$$0000000D          0x0800019e   Section        8  __rtentry2.o(.ARM.Collect$$rtentry$$0000000D)
    .ARM.Collect$$rtexit$$00000000           0x080001a6   Section        2  rtexit.o(.ARM.Collect$$rtexit$$00000000)
    .ARM.Collect$$rtexit$$00000002           0x080001a8   Section        0  rtexit2.o(.ARM.Collect$$rtexit$$00000002)
    .ARM.Collect$$rtexit$$00000003           0x080001a8   Section        4  rtexit2.o(.ARM.Collect$$rtexit$$00000003)
    .ARM.Collect$$rtexit$$00000004           0x080001ac   Section        6  rtexit2.o(.ARM.Collect$$rtexit$$00000004)
    .text                                    0x080001b4   Section       48  cortex.o(.text)
    .text                                    0x080001e4   Section       64  startup_stm32f10x_md.o(.text)
    .text                                    0x08000224   Section       78  rt_memclr_w.o(.text)
    .text                                    0x08000272   Section        0  heapauxi.o(.text)
    .text                                    0x08000278   Section       74  sys_stackheap_outer.o(.text)
    .text                                    0x080002c2   Section        0  exit.o(.text)
    .text                                    0x080002d4   Section        8  libspace.o(.text)
    .text                                    0x080002dc   Section        0  sys_exit.o(.text)
    .text                                    0x080002e8   Section        2  use_no_semi.o(.text)
    .text                                    0x080002ea   Section        0  indicate_semi.o(.text)
    SetSysClock                              0x080002ed   Thumb Code     8  system_stm32f10x.o(.text.SetSysClock)
    [Anonymous Symbol]                       0x080002ec   Section        0  system_stm32f10x.o(.text.SetSysClock)
    SetSysClockTo72                          0x080002f5   Thumb Code   290  system_stm32f10x.o(.text.SetSysClockTo72)
    [Anonymous Symbol]                       0x080002f4   Section        0  system_stm32f10x.o(.text.SetSysClockTo72)
    [Anonymous Symbol]                       0x08000418   Section        0  tcpu.o(.text.SysTick_Handler)
    [Anonymous Symbol]                       0x08000420   Section        0  system_stm32f10x.o(.text.SystemInit)
    __NVIC_SetPriority                       0x08000489   Thumb Code    66  tcpu.o(.text.__NVIC_SetPriority)
    [Anonymous Symbol]                       0x08000488   Section        0  tcpu.o(.text.__NVIC_SetPriority)
    [Anonymous Symbol]                       0x080004cc   Section        0  main.o(.text.idleTaskEntry)
    [Anonymous Symbol]                       0x08000500   Section        0  main.o(.text.main)
    [Anonymous Symbol]                       0x08000558   Section        0  tbitmap.o(.text.tBitmapClear)
    [Anonymous Symbol]                       0x08000574   Section        0  tbitmap.o(.text.tBitmapGetFirstSet)
    [Anonymous Symbol]                       0x080005f8   Section        0  tbitmap.o(.text.tBitmapPosCount)
    [Anonymous Symbol]                       0x080005fc   Section        0  tbitmap.o(.text.tBitmapSet)
    [Anonymous Symbol]                       0x08000618   Section        0  tevent.o(.text.tEventRemoveTask)
    [Anonymous Symbol]                       0x0800065c   Section        0  app.o(.text.tInitApp)
    [Anonymous Symbol]                       0x080006e8   Section        0  tlist.o(.text.tListAddLast)
    [Anonymous Symbol]                       0x08000718   Section        0  tlist.o(.text.tListCount)
    [Anonymous Symbol]                       0x08000724   Section        0  tlist.o(.text.tListFirst)
    [Anonymous Symbol]                       0x08000744   Section        0  tlist.o(.text.tListInit)
    [Anonymous Symbol]                       0x0800075c   Section        0  tlist.o(.text.tListRemove)
    [Anonymous Symbol]                       0x08000780   Section        0  tlist.o(.text.tListRemoveFirst)
    [Anonymous Symbol]                       0x080007b8   Section        0  tlist.o(.text.tNodeInit)
    [Anonymous Symbol]                       0x080007c8   Section        0  tcpu.o(.text.tSetSysTickPeriod)
    [Anonymous Symbol]                       0x0800081c   Section        0  ttime.o(.text.tTaskDelay)
    [Anonymous Symbol]                       0x08000850   Section        0  main.o(.text.tTaskDelayedInit)
    [Anonymous Symbol]                       0x08000860   Section        0  switch.o(.text.tTaskEnterCritical)
    [Anonymous Symbol]                       0x08000874   Section        0  switch.o(.text.tTaskExitCritical)
    [Anonymous Symbol]                       0x08000888   Section        0  main.o(.text.tTaskHighestReady)
    [Anonymous Symbol]                       0x080008bc   Section        0  ttask.o(.text.tTaskInit)
    [Anonymous Symbol]                       0x08000a04   Section        0  switch.o(.text.tTaskRunFirst)
    [Anonymous Symbol]                       0x08000a30   Section        0  main.o(.text.tTaskSched)
    [Anonymous Symbol]                       0x08000a88   Section        0  main.o(.text.tTaskSchedDisable)
    [Anonymous Symbol]                       0x08000abc   Section        0  main.o(.text.tTaskSchedInit)
    [Anonymous Symbol]                       0x08000afc   Section        0  main.o(.text.tTaskSchedRdy)
    [Anonymous Symbol]                       0x08000b30   Section        0  main.o(.text.tTaskSchedUnRdy)
    [Anonymous Symbol]                       0x08000b80   Section        0  switch.o(.text.tTaskSwitch)
    [Anonymous Symbol]                       0x08000b90   Section        0  main.o(.text.tTaskSystemTickHandler)
    [Anonymous Symbol]                       0x08000c90   Section        0  main.o(.text.tTimeTaskWait)
    [Anonymous Symbol]                       0x08000cc0   Section        0  main.o(.text.tTimeTaskWakeUp)
    [Anonymous Symbol]                       0x08000ce8   Section        0  main.o(.text.tTimeTickInit)
    [Anonymous Symbol]                       0x08000cf8   Section        0  app.o(.text.task1Entry)
    [Anonymous Symbol]                       0x08000d24   Section        0  app.o(.text.task2Entry)
    [Anonymous Symbol]                       0x08000d50   Section        0  app.o(.text.task3Entry)
    tBitmapGetFirstSet.quickFindTable        0x08000d7a   Data         256  tbitmap.o(.rodata.tBitmapGetFirstSet.quickFindTable)
    [Anonymous Symbol]                       0x08000d7a   Section        0  tbitmap.o(.rodata.tBitmapGetFirstSet.quickFindTable)
    .bss                                     0x20000008   Section       96  libspace.o(.bss)
    Heap_Mem                                 0x20004358   Data         512  startup_stm32f10x_md.o(HEAP)
    HEAP                                     0x20004358   Section      512  startup_stm32f10x_md.o(HEAP)
    Stack_Mem                                0x20004558   Data        1024  startup_stm32f10x_md.o(STACK)
    STACK                                    0x20004558   Section     1024  startup_stm32f10x_md.o(STACK)
    __initial_sp                             0x20004958   Data           0  startup_stm32f10x_md.o(STACK)

    Global Symbols

    Symbol Name                              Value     Ov Type        Size  Object(Section)

    BuildAttributes$$THM_ISAv4$P$D$K$B$S$PE$A:L22UL41UL21$X:L11$S22US41US21$IEEE1$IW$~IW$USESV6$~STKCKD$USESV7$~SHL$OSPACE$ROPI$EBA8$UX$STANDARDLIB$REQ8$PRES8$EABIv2 0x00000000   Number         0  anon$$obj.o ABSOLUTE
    __fp_init_empty                          0x00000000   Number         0  fpinit_empty.o ABSOLUTE
    __ARM_exceptions_init                     - Undefined Weak Reference
    __alloca_initialize                       - Undefined Weak Reference
    __arm_preinit_                            - Undefined Weak Reference
    __arm_relocate_pie_                       - Undefined Weak Reference
    __cpp_initialize__aeabi_                  - Undefined Weak Reference
    __cxa_finalize                            - Undefined Weak Reference
    __rt_locale                               - Undefined Weak Reference
    __sigvec_lookup                           - Undefined Weak Reference
    _atexit_init                              - Undefined Weak Reference
    _call_atexit_fns                          - Undefined Weak Reference
    _clock_init                               - Undefined Weak Reference
    _fp_trap_init                             - Undefined Weak Reference
    _fp_trap_shutdown                         - Undefined Weak Reference
    _get_lc_collate                           - Undefined Weak Reference
    _get_lc_ctype                             - Undefined Weak Reference
    _get_lc_monetary                          - Undefined Weak Reference
    _get_lc_numeric                           - Undefined Weak Reference
    _get_lc_time                              - Undefined Weak Reference
    _getenv_init                              - Undefined Weak Reference
    _handle_redirection                       - Undefined Weak Reference
    _init_alloc                               - Undefined Weak Reference
    _init_user_alloc                          - Undefined Weak Reference
    _initio                                   - Undefined Weak Reference
    _rand_init                                - Undefined Weak Reference
    _signal_finish                            - Undefined Weak Reference
    _signal_init                              - Undefined Weak Reference
    _terminate_alloc                          - Undefined Weak Reference
    _terminate_user_alloc                     - Undefined Weak Reference
    _terminateio                              - Undefined Weak Reference
    __Vectors_Size                           0x000000ec   Number         0  startup_stm32f10x_md.o ABSOLUTE
    __Vectors                                0x08000000   Data           4  startup_stm32f10x_md.o(RESET)
    __Vectors_End                            0x080000ec   Data           0  startup_stm32f10x_md.o(RESET)
    __main                                   0x080000ed   Thumb Code     8  __main.o(!!!main)
    __scatterload                            0x080000f5   Thumb Code     0  __scatter.o(!!!scatter)
    __scatterload_rt2                        0x080000f5   Thumb Code    84  __scatter.o(!!!scatter)
    __scatterload_rt2_thumb_only             0x080000f5   Thumb Code     0  __scatter.o(!!!scatter)
    __scatterload_loop                       0x080000ff   Thumb Code     0  __scatter.o(!!!scatter)
    __scatterload_copy                       0x08000151   Thumb Code    26  __scatter_copy.o(!!handler_copy)
    __scatterload_null                       0x0800016d   Thumb Code     2  __scatter.o(!!handler_null)
    __scatterload_zeroinit                   0x08000171   Thumb Code    28  __scatter_zi.o(!!handler_zi)
    __rt_lib_init                            0x0800018d   Thumb Code     0  libinit.o(.ARM.Collect$$libinit$$00000000)
    __rt_lib_init_alloca_1                   0x0800018f   Thumb Code     0  libinit2.o(.ARM.Collect$$libinit$$00000030)
    __rt_lib_init_argv_1                     0x0800018f   Thumb Code     0  libinit2.o(.ARM.Collect$$libinit$$0000002E)
    __rt_lib_init_atexit_1                   0x0800018f   Thumb Code     0  libinit2.o(.ARM.Collect$$libinit$$0000001D)
    __rt_lib_init_clock_1                    0x0800018f   Thumb Code     0  libinit2.o(.ARM.Collect$$libinit$$00000023)
    __rt_lib_init_cpp_1                      0x0800018f   Thumb Code     0  libinit2.o(.ARM.Collect$$libinit$$00000034)
    __rt_lib_init_exceptions_1               0x0800018f   Thumb Code     0  libinit2.o(.ARM.Collect$$libinit$$00000032)
    __rt_lib_init_fp_1                       0x0800018f   Thumb Code     0  libinit2.o(.ARM.Collect$$libinit$$00000002)
    __rt_lib_init_fp_trap_1                  0x0800018f   Thumb Code     0  libinit2.o(.ARM.Collect$$libinit$$00000021)
    __rt_lib_init_getenv_1                   0x0800018f   Thumb Code     0  libinit2.o(.ARM.Collect$$libinit$$00000025)
    __rt_lib_init_heap_1                     0x0800018f   Thumb Code     0  libinit2.o(.ARM.Collect$$libinit$$0000000C)
    __rt_lib_init_lc_collate_1               0x0800018f   Thumb Code     0  libinit2.o(.ARM.Collect$$libinit$$00000013)
    __rt_lib_init_lc_ctype_1                 0x0800018f   Thumb Code     0  libinit2.o(.ARM.Collect$$libinit$$00000015)
    __rt_lib_init_lc_monetary_1              0x0800018f   Thumb Code     0  libinit2.o(.ARM.Collect$$libinit$$00000017)
    __rt_lib_init_lc_numeric_1               0x0800018f   Thumb Code     0  libinit2.o(.ARM.Collect$$libinit$$00000019)
    __rt_lib_init_lc_time_1                  0x0800018f   Thumb Code     0  libinit2.o(.ARM.Collect$$libinit$$0000001B)
    __rt_lib_init_preinit_1                  0x0800018f   Thumb Code     0  libinit2.o(.ARM.Collect$$libinit$$00000006)
    __rt_lib_init_rand_1                     0x0800018f   Thumb Code     0  libinit2.o(.ARM.Collect$$libinit$$00000010)
    __rt_lib_init_relocate_pie_1             0x0800018f   Thumb Code     0  libinit2.o(.ARM.Collect$$libinit$$00000004)
    __rt_lib_init_return                     0x0800018f   Thumb Code     0  libinit2.o(.ARM.Collect$$libinit$$00000035)
    __rt_lib_init_signal_1                   0x0800018f   Thumb Code     0  libinit2.o(.ARM.Collect$$libinit$$0000001F)
    __rt_lib_init_stdio_1                    0x0800018f   Thumb Code     0  libinit2.o(.ARM.Collect$$libinit$$00000027)
    __rt_lib_init_user_alloc_1               0x0800018f   Thumb Code     0  libinit2.o(.ARM.Collect$$libinit$$0000000E)
    __rt_lib_shutdown                        0x08000191   Thumb Code     0  libshutdown.o(.ARM.Collect$$libshutdown$$00000000)
    __rt_lib_shutdown_cpp_1                  0x08000193   Thumb Code     0  libshutdown2.o(.ARM.Collect$$libshutdown$$00000002)
    __rt_lib_shutdown_fp_trap_1              0x08000193   Thumb Code     0  libshutdown2.o(.ARM.Collect$$libshutdown$$00000007)
    __rt_lib_shutdown_heap_1                 0x08000193   Thumb Code     0  libshutdown2.o(.ARM.Collect$$libshutdown$$0000000F)
    __rt_lib_shutdown_return                 0x08000193   Thumb Code     0  libshutdown2.o(.ARM.Collect$$libshutdown$$00000010)
    __rt_lib_shutdown_signal_1               0x08000193   Thumb Code     0  libshutdown2.o(.ARM.Collect$$libshutdown$$0000000A)
    __rt_lib_shutdown_stdio_1                0x08000193   Thumb Code     0  libshutdown2.o(.ARM.Collect$$libshutdown$$00000004)
    __rt_lib_shutdown_user_alloc_1           0x08000193   Thumb Code     0  libshutdown2.o(.ARM.Collect$$libshutdown$$0000000C)
    __rt_entry                               0x08000195   Thumb Code     0  __rtentry.o(.ARM.Collect$$rtentry$$00000000)
    __rt_entry_presh_1                       0x08000195   Thumb Code     0  __rtentry2.o(.ARM.Collect$$rtentry$$00000002)
    __rt_entry_sh                            0x08000195   Thumb Code     0  __rtentry4.o(.ARM.Collect$$rtentry$$00000004)
    __rt_entry_li                            0x0800019b   Thumb Code     0  __rtentry2.o(.ARM.Collect$$rtentry$$0000000A)
    __rt_entry_postsh_1                      0x0800019b   Thumb Code     0  __rtentry2.o(.ARM.Collect$$rtentry$$00000009)
    __rt_entry_main                          0x0800019f   Thumb Code     0  __rtentry2.o(.ARM.Collect$$rtentry$$0000000D)
    __rt_entry_postli_1                      0x0800019f   Thumb Code     0  __rtentry2.o(.ARM.Collect$$rtentry$$0000000C)
    __rt_exit                                0x080001a7   Thumb Code     0  rtexit.o(.ARM.Collect$$rtexit$$00000000)
    __rt_exit_ls                             0x080001a9   Thumb Code     0  rtexit2.o(.ARM.Collect$$rtexit$$00000003)
    __rt_exit_prels_1                        0x080001a9   Thumb Code     0  rtexit2.o(.ARM.Collect$$rtexit$$00000002)
    __rt_exit_exit                           0x080001ad   Thumb Code     0  rtexit2.o(.ARM.Collect$$rtexit$$00000004)
    PendSV_Handler                           0x080001b5   Thumb Code    40  cortex.o(.text)
    Reset_Handler                            0x080001e5   Thumb Code     8  startup_stm32f10x_md.o(.text)
    NMI_Handler                              0x080001ed   Thumb Code     2  startup_stm32f10x_md.o(.text)
    HardFault_Handler                        0x080001ef   Thumb Code     2  startup_stm32f10x_md.o(.text)
    MemManage_Handler                        0x080001f1   Thumb Code     2  startup_stm32f10x_md.o(.text)
    BusFault_Handler                         0x080001f3   Thumb Code     2  startup_stm32f10x_md.o(.text)
    UsageFault_Handler                       0x080001f5   Thumb Code     2  startup_stm32f10x_md.o(.text)
    SVC_Handler                              0x080001f7   Thumb Code     2  startup_stm32f10x_md.o(.text)
    DebugMon_Handler                         0x080001f9   Thumb Code     2  startup_stm32f10x_md.o(.text)
    ADC1_2_IRQHandler                        0x080001ff   Thumb Code     0  startup_stm32f10x_md.o(.text)
    CAN1_RX1_IRQHandler                      0x080001ff   Thumb Code     0  startup_stm32f10x_md.o(.text)
    CAN1_SCE_IRQHandler                      0x080001ff   Thumb Code     0  startup_stm32f10x_md.o(.text)
    DMA1_Channel1_IRQHandler                 0x080001ff   Thumb Code     0  startup_stm32f10x_md.o(.text)
    DMA1_Channel2_IRQHandler                 0x080001ff   Thumb Code     0  startup_stm32f10x_md.o(.text)
    DMA1_Channel3_IRQHandler                 0x080001ff   Thumb Code     0  startup_stm32f10x_md.o(.text)
    DMA1_Channel4_IRQHandler                 0x080001ff   Thumb Code     0  startup_stm32f10x_md.o(.text)
    DMA1_Channel5_IRQHandler                 0x080001ff   Thumb Code     0  startup_stm32f10x_md.o(.text)
    DMA1_Channel6_IRQHandler                 0x080001ff   Thumb Code     0  startup_stm32f10x_md.o(.text)
    DMA1_Channel7_IRQHandler                 0x080001ff   Thumb Code     0  startup_stm32f10x_md.o(.text)
    EXTI0_IRQHandler                         0x080001ff   Thumb Code     0  startup_stm32f10x_md.o(.text)
    EXTI15_10_IRQHandler                     0x080001ff   Thumb Code     0  startup_stm32f10x_md.o(.text)
    EXTI1_IRQHandler                         0x080001ff   Thumb Code     0  startup_stm32f10x_md.o(.text)
    EXTI2_IRQHandler                         0x080001ff   Thumb Code     0  startup_stm32f10x_md.o(.text)
    EXTI3_IRQHandler                         0x080001ff   Thumb Code     0  startup_stm32f10x_md.o(.text)
    EXTI4_IRQHandler                         0x080001ff   Thumb Code     0  startup_stm32f10x_md.o(.text)
    EXTI9_5_IRQHandler                       0x080001ff   Thumb Code     0  startup_stm32f10x_md.o(.text)
    FLASH_IRQHandler                         0x080001ff   Thumb Code     0  startup_stm32f10x_md.o(.text)
    I2C1_ER_IRQHandler                       0x080001ff   Thumb Code     0  startup_stm32f10x_md.o(.text)
    I2C1_EV_IRQHandler                       0x080001ff   Thumb Code     0  startup_stm32f10x_md.o(.text)
    I2C2_ER_IRQHandler                       0x080001ff   Thumb Code     0  startup_stm32f10x_md.o(.text)
    I2C2_EV_IRQHandler                       0x080001ff   Thumb Code     0  startup_stm32f10x_md.o(.text)
    PVD_IRQHandler                           0x080001ff   Thumb Code     0  startup_stm32f10x_md.o(.text)
    RCC_IRQHandler                           0x080001ff   Thumb Code     0  startup_stm32f10x_md.o(.text)
    RTCAlarm_IRQHandler                      0x080001ff   Thumb Code     0  startup_stm32f10x_md.o(.text)
    RTC_IRQHandler                           0x080001ff   Thumb Code     0  startup_stm32f10x_md.o(.text)
    SPI1_IRQHandler                          0x080001ff   Thumb Code     0  startup_stm32f10x_md.o(.text)
    SPI2_IRQHandler                          0x080001ff   Thumb Code     0  startup_stm32f10x_md.o(.text)
    TAMPER_IRQHandler                        0x080001ff   Thumb Code     0  startup_stm32f10x_md.o(.text)
    TIM1_BRK_IRQHandler                      0x080001ff   Thumb Code     0  startup_stm32f10x_md.o(.text)
    TIM1_CC_IRQHandler                       0x080001ff   Thumb Code     0  startup_stm32f10x_md.o(.text)
    TIM1_TRG_COM_IRQHandler                  0x080001ff   Thumb Code     0  startup_stm32f10x_md.o(.text)
    TIM1_UP_IRQHandler                       0x080001ff   Thumb Code     0  startup_stm32f10x_md.o(.text)
    TIM2_IRQHandler                          0x080001ff   Thumb Code     0  startup_stm32f10x_md.o(.text)
    TIM3_IRQHandler                          0x080001ff   Thumb Code     0  startup_stm32f10x_md.o(.text)
    TIM4_IRQHandler                          0x080001ff   Thumb Code     0  startup_stm32f10x_md.o(.text)
    USART1_IRQHandler                        0x080001ff   Thumb Code     0  startup_stm32f10x_md.o(.text)
    USART2_IRQHandler                        0x080001ff   Thumb Code     0  startup_stm32f10x_md.o(.text)
    USART3_IRQHandler                        0x080001ff   Thumb Code     0  startup_stm32f10x_md.o(.text)
    USBWakeUp_IRQHandler                     0x080001ff   Thumb Code     0  startup_stm32f10x_md.o(.text)
    USB_HP_CAN1_TX_IRQHandler                0x080001ff   Thumb Code     0  startup_stm32f10x_md.o(.text)
    USB_LP_CAN1_RX0_IRQHandler               0x080001ff   Thumb Code     0  startup_stm32f10x_md.o(.text)
    WWDG_IRQHandler                          0x080001ff   Thumb Code     0  startup_stm32f10x_md.o(.text)
    __user_initial_stackheap                 0x08000201   Thumb Code     0  startup_stm32f10x_md.o(.text)
    __aeabi_memclr4                          0x08000225   Thumb Code     0  rt_memclr_w.o(.text)
    __aeabi_memclr8                          0x08000225   Thumb Code     0  rt_memclr_w.o(.text)
    __rt_memclr_w                            0x08000225   Thumb Code     0  rt_memclr_w.o(.text)
    _memset_w                                0x08000229   Thumb Code    74  rt_memclr_w.o(.text)
    __use_two_region_memory                  0x08000273   Thumb Code     2  heapauxi.o(.text)
    __rt_heap_escrow$2region                 0x08000275   Thumb Code     2  heapauxi.o(.text)
    __rt_heap_expand$2region                 0x08000277   Thumb Code     2  heapauxi.o(.text)
    __user_setup_stackheap                   0x08000279   Thumb Code    74  sys_stackheap_outer.o(.text)
    exit                                     0x080002c3   Thumb Code    18  exit.o(.text)
    __user_libspace                          0x080002d5   Thumb Code     8  libspace.o(.text)
    __user_perproc_libspace                  0x080002d5   Thumb Code     0  libspace.o(.text)
    __user_perthread_libspace                0x080002d5   Thumb Code     0  libspace.o(.text)
    _sys_exit                                0x080002dd   Thumb Code     8  sys_exit.o(.text)
    __I$use$semihosting                      0x080002e9   Thumb Code     0  use_no_semi.o(.text)
    __use_no_semihosting_swi                 0x080002e9   Thumb Code     2  use_no_semi.o(.text)
    __semihosting_library_function           0x080002eb   Thumb Code     0  indicate_semi.o(.text)
    SysTick_Handler                          0x08000419   Thumb Code     8  tcpu.o(.text.SysTick_Handler)
    SystemInit                               0x08000421   Thumb Code   102  system_stm32f10x.o(.text.SystemInit)
    idleTaskEntry                            0x080004cd   Thumb Code    50  main.o(.text.idleTaskEntry)
    main                                     0x08000501   Thumb Code    88  main.o(.text.main)
    tBitmapClear                             0x08000559   Thumb Code    26  tbitmap.o(.text.tBitmapClear)
    tBitmapGetFirstSet                       0x08000575   Thumb Code   130  tbitmap.o(.text.tBitmapGetFirstSet)
    tBitmapPosCount                          0x080005f9   Thumb Code     4  tbitmap.o(.text.tBitmapPosCount)
    tBitmapSet                               0x080005fd   Thumb Code    26  tbitmap.o(.text.tBitmapSet)
    tEventRemoveTask                         0x08000619   Thumb Code    66  tevent.o(.text.tEventRemoveTask)
    tInitApp                                 0x0800065d   Thumb Code   140  app.o(.text.tInitApp)
    tListAddLast                             0x080006e9   Thumb Code    46  tlist.o(.text.tListAddLast)
    tListCount                               0x08000719   Thumb Code    12  tlist.o(.text.tListCount)
    tListFirst                               0x08000725   Thumb Code    30  tlist.o(.text.tListFirst)
    tListInit                                0x08000745   Thumb Code    22  tlist.o(.text.tListInit)
    tListRemove                              0x0800075d   Thumb Code    34  tlist.o(.text.tListRemove)
    tListRemoveFirst                         0x08000781   Thumb Code    54  tlist.o(.text.tListRemoveFirst)
    tNodeInit                                0x080007b9   Thumb Code    16  tlist.o(.text.tNodeInit)
    tSetSysTickPeriod                        0x080007c9   Thumb Code    84  tcpu.o(.text.tSetSysTickPeriod)
    tTaskDelay                               0x0800081d   Thumb Code    52  ttime.o(.text.tTaskDelay)
    tTaskDelayedInit                         0x08000851   Thumb Code    16  main.o(.text.tTaskDelayedInit)
    tTaskEnterCritical                       0x08000861   Thumb Code    20  switch.o(.text.tTaskEnterCritical)
    tTaskExitCritical                        0x08000875   Thumb Code    18  switch.o(.text.tTaskExitCritical)
    tTaskHighestReady                        0x08000889   Thumb Code    50  main.o(.text.tTaskHighestReady)
    tTaskInit                                0x080008bd   Thumb Code   326  ttask.o(.text.tTaskInit)
    tTaskRunFirst                            0x08000a05   Thumb Code    42  switch.o(.text.tTaskRunFirst)
    tTaskSched                               0x08000a31   Thumb Code    88  main.o(.text.tTaskSched)
    tTaskSchedDisable                        0x08000a89   Thumb Code    52  main.o(.text.tTaskSchedDisable)
    tTaskSchedInit                           0x08000abd   Thumb Code    64  main.o(.text.tTaskSchedInit)
    tTaskSchedRdy                            0x08000afd   Thumb Code    52  main.o(.text.tTaskSchedRdy)
    tTaskSchedUnRdy                          0x08000b31   Thumb Code    78  main.o(.text.tTaskSchedUnRdy)
    tTaskSwitch                              0x08000b81   Thumb Code    16  switch.o(.text.tTaskSwitch)
    tTaskSystemTickHandler                   0x08000b91   Thumb Code   256  main.o(.text.tTaskSystemTickHandler)
    tTimeTaskWait                            0x08000c91   Thumb Code    46  main.o(.text.tTimeTaskWait)
    tTimeTaskWakeUp                          0x08000cc1   Thumb Code    38  main.o(.text.tTimeTaskWakeUp)
    tTimeTickInit                            0x08000ce9   Thumb Code    14  main.o(.text.tTimeTickInit)
    task1Entry                               0x08000cf9   Thumb Code    42  app.o(.text.task1Entry)
    task2Entry                               0x08000d25   Thumb Code    42  app.o(.text.task2Entry)
    task3Entry                               0x08000d51   Thumb Code    42  app.o(.text.task3Entry)
    Region$$Table$$Base                      0x08000e7c   Number         0  anon$$obj.o(Region$$Table)
    Region$$Table$$Limit                     0x08000e9c   Number         0  anon$$obj.o(Region$$Table)
    SystemCoreClock                          0x20000000   Data           4  system_stm32f10x.o(.data.SystemCoreClock)
    __libspace_start                         0x20000008   Data          96  libspace.o(.bss)
    __temporary_stack_top$libspace           0x20000068   Data           0  libspace.o(.bss)
    currentTask                              0x20000068   Data           4  main.o(.bss.currentTask)
    idleCount                                0x2000006c   Data           4  main.o(.bss.idleCount)
    idleTaskEnv                              0x20000070   Data        4096  main.o(.bss.idleTaskEnv)
    nextTask                                 0x20001070   Data           4  main.o(.bss.nextTask)
    schedLockCount                           0x20001074   Data           1  main.o(.bss.schedLockCount)
    tTask1                                   0x20001078   Data          80  app.o(.bss.tTask1)
    tTask2                                   0x200010c8   Data          80  app.o(.bss.tTask2)
    tTask3                                   0x20001118   Data          80  app.o(.bss.tTask3)
    tTaskDelayedList                         0x20001168   Data          12  main.o(.bss.tTaskDelayedList)
    tTaskIdle                                0x20001174   Data          80  main.o(.bss.tTaskIdle)
    task1Env                                 0x200011c4   Data        4096  app.o(.bss.task1Env)
    task1Flag                                0x200021c4   Data           4  app.o(.bss.task1Flag)
    task2Env                                 0x200021c8   Data        4096  app.o(.bss.task2Env)
    task2Flag                                0x200031c8   Data           4  app.o(.bss.task2Flag)
    task3Env                                 0x200031cc   Data        4096  app.o(.bss.task3Env)
    task3Flag                                0x200041cc   Data           4  app.o(.bss.task3Flag)
    taskPrioBitmap                           0x200041d0   Data           4  main.o(.bss.taskPrioBitmap)
    taskTable                                0x200041d4   Data         384  main.o(.bss.taskTable)
    tickCount                                0x20004354   Data           4  main.o(.bss.tickCount)



==============================================================================

Memory Map of the image

  Image Entry point : 0x080000ed

  Load Region LR_IROM1 (Base: 0x08000000, Size: 0x00000ea8, Max: 0x00010000, ABSOLUTE)

    Execution Region ER_IROM1 (Exec base: 0x08000000, Load base: 0x08000000, Size: 0x00000e9c, Max: 0x00010000, ABSOLUTE)

    Exec Addr    Load Addr    Size         Type   Attr      Idx    E Section Name        Object

    0x08000000   0x08000000   0x000000ec   Data   RO          225    RESET               startup_stm32f10x_md.o
    0x080000ec   0x080000ec   0x00000008   Code   RO          253  * !!!main             c_w.l(__main.o)
    0x080000f4   0x080000f4   0x0000005c   Code   RO          418    !!!scatter          c_w.l(__scatter.o)
    0x08000150   0x08000150   0x0000001a   Code   RO          422    !!handler_copy      c_w.l(__scatter_copy.o)
    0x0800016a   0x0800016a   0x00000002   PAD
    0x0800016c   0x0800016c   0x00000002   Code   RO          419    !!handler_null      c_w.l(__scatter.o)
    0x0800016e   0x0800016e   0x00000002   PAD
    0x08000170   0x08000170   0x0000001c   Code   RO          424    !!handler_zi        c_w.l(__scatter_zi.o)
    0x0800018c   0x0800018c   0x00000002   Code   RO          280    .ARM.Collect$$libinit$$00000000  c_w.l(libinit.o)
    0x0800018e   0x0800018e   0x00000000   Code   RO          287    .ARM.Collect$$libinit$$00000002  c_w.l(libinit2.o)
    0x0800018e   0x0800018e   0x00000000   Code   RO          289    .ARM.Collect$$libinit$$00000004  c_w.l(libinit2.o)
    0x0800018e   0x0800018e   0x00000000   Code   RO          291    .ARM.Collect$$libinit$$00000006  c_w.l(libinit2.o)
    0x0800018e   0x0800018e   0x00000000   Code   RO          294    .ARM.Collect$$libinit$$0000000C  c_w.l(libinit2.o)
    0x0800018e   0x0800018e   0x00000000   Code   RO          296    .ARM.Collect$$libinit$$0000000E  c_w.l(libinit2.o)
    0x0800018e   0x0800018e   0x00000000   Code   RO          298    .ARM.Collect$$libinit$$00000010  c_w.l(libinit2.o)
    0x0800018e   0x0800018e   0x00000000   Code   RO          301    .ARM.Collect$$libinit$$00000013  c_w.l(libinit2.o)
    0x0800018e   0x0800018e   0x00000000   Code   RO          303    .ARM.Collect$$libinit$$00000015  c_w.l(libinit2.o)
    0x0800018e   0x0800018e   0x00000000   Code   RO          305    .ARM.Collect$$libinit$$00000017  c_w.l(libinit2.o)
    0x0800018e   0x0800018e   0x00000000   Code   RO          307    .ARM.Collect$$libinit$$00000019  c_w.l(libinit2.o)
    0x0800018e   0x0800018e   0x00000000   Code   RO          309    .ARM.Collect$$libinit$$0000001B  c_w.l(libinit2.o)
    0x0800018e   0x0800018e   0x00000000   Code   RO          311    .ARM.Collect$$libinit$$0000001D  c_w.l(libinit2.o)
    0x0800018e   0x0800018e   0x00000000   Code   RO          313    .ARM.Collect$$libinit$$0000001F  c_w.l(libinit2.o)
    0x0800018e   0x0800018e   0x00000000   Code   RO          315    .ARM.Collect$$libinit$$00000021  c_w.l(libinit2.o)
    0x0800018e   0x0800018e   0x00000000   Code   RO          317    .ARM.Collect$$libinit$$00000023  c_w.l(libinit2.o)
    0x0800018e   0x0800018e   0x00000000   Code   RO          319    .ARM.Collect$$libinit$$00000025  c_w.l(libinit2.o)
    0x0800018e   0x0800018e   0x00000000   Code   RO          321    .ARM.Collect$$libinit$$00000027  c_w.l(libinit2.o)
    0x0800018e   0x0800018e   0x00000000   Code   RO          325    .ARM.Collect$$libinit$$0000002E  c_w.l(libinit2.o)
    0x0800018e   0x0800018e   0x00000000   Code   RO          327    .ARM.Collect$$libinit$$00000030  c_w.l(libinit2.o)
    0x0800018e   0x0800018e   0x00000000   Code   RO          329    .ARM.Collect$$libinit$$00000032  c_w.l(libinit2.o)
    0x0800018e   0x0800018e   0x00000000   Code   RO          331    .ARM.Collect$$libinit$$00000034  c_w.l(libinit2.o)
    0x0800018e   0x0800018e   0x00000002   Code   RO          332    .ARM.Collect$$libinit$$00000035  c_w.l(libinit2.o)
    0x08000190   0x08000190   0x00000002   Code   RO          354    .ARM.Collect$$libshutdown$$00000000  c_w.l(libshutdown.o)
    0x08000192   0x08000192   0x00000000   Code   RO          369    .ARM.Collect$$libshutdown$$00000002  c_w.l(libshutdown2.o)
    0x08000192   0x08000192   0x00000000   Code   RO          371    .ARM.Collect$$libshutdown$$00000004  c_w.l(libshutdown2.o)
    0x08000192   0x08000192   0x00000000   Code   RO          374    .ARM.Collect$$libshutdown$$00000007  c_w.l(libshutdown2.o)
    0x08000192   0x08000192   0x00000000   Code   RO          377    .ARM.Collect$$libshutdown$$0000000A  c_w.l(libshutdown2.o)
    0x08000192   0x08000192   0x00000000   Code   RO          379    .ARM.Collect$$libshutdown$$0000000C  c_w.l(libshutdown2.o)
    0x08000192   0x08000192   0x00000000   Code   RO          382    .ARM.Collect$$libshutdown$$0000000F  c_w.l(libshutdown2.o)
    0x08000192   0x08000192   0x00000002   Code   RO          383    .ARM.Collect$$libshutdown$$00000010  c_w.l(libshutdown2.o)
    0x08000194   0x08000194   0x00000000   Code   RO          255    .ARM.Collect$$rtentry$$00000000  c_w.l(__rtentry.o)
    0x08000194   0x08000194   0x00000000   Code   RO          257    .ARM.Collect$$rtentry$$00000002  c_w.l(__rtentry2.o)
    0x08000194   0x08000194   0x00000006   Code   RO          269    .ARM.Collect$$rtentry$$00000004  c_w.l(__rtentry4.o)
    0x0800019a   0x0800019a   0x00000000   Code   RO          259    .ARM.Collect$$rtentry$$00000009  c_w.l(__rtentry2.o)
    0x0800019a   0x0800019a   0x00000004   Code   RO          260    .ARM.Collect$$rtentry$$0000000A  c_w.l(__rtentry2.o)
    0x0800019e   0x0800019e   0x00000000   Code   RO          262    .ARM.Collect$$rtentry$$0000000C  c_w.l(__rtentry2.o)
    0x0800019e   0x0800019e   0x00000008   Code   RO          263    .ARM.Collect$$rtentry$$0000000D  c_w.l(__rtentry2.o)
    0x080001a6   0x080001a6   0x00000002   Code   RO          284    .ARM.Collect$$rtexit$$00000000  c_w.l(rtexit.o)
    0x080001a8   0x080001a8   0x00000000   Code   RO          334    .ARM.Collect$$rtexit$$00000002  c_w.l(rtexit2.o)
    0x080001a8   0x080001a8   0x00000004   Code   RO          335    .ARM.Collect$$rtexit$$00000003  c_w.l(rtexit2.o)
    0x080001ac   0x080001ac   0x00000006   Code   RO          336    .ARM.Collect$$rtexit$$00000004  c_w.l(rtexit2.o)
    0x080001b2   0x080001b2   0x00000002   PAD
    0x080001b4   0x080001b4   0x00000030   Code   RO           25    .text               cortex.o
    0x080001e4   0x080001e4   0x00000040   Code   RO          226    .text               startup_stm32f10x_md.o
    0x08000224   0x08000224   0x0000004e   Code   RO          249    .text               c_w.l(rt_memclr_w.o)
    0x08000272   0x08000272   0x00000006   Code   RO          251    .text               c_w.l(heapauxi.o)
    0x08000278   0x08000278   0x0000004a   Code   RO          271    .text               c_w.l(sys_stackheap_outer.o)
    0x080002c2   0x080002c2   0x00000012   Code   RO          273    .text               c_w.l(exit.o)
    0x080002d4   0x080002d4   0x00000008   Code   RO          281    .text               c_w.l(libspace.o)
    0x080002dc   0x080002dc   0x0000000c   Code   RO          344    .text               c_w.l(sys_exit.o)
    0x080002e8   0x080002e8   0x00000002   Code   RO          359    .text               c_w.l(use_no_semi.o)
    0x080002ea   0x080002ea   0x00000000   Code   RO          361    .text               c_w.l(indicate_semi.o)
    0x080002ea   0x080002ea   0x00000002   PAD
    0x080002ec   0x080002ec   0x00000008   Code   RO          233    .text.SetSysClock   system_stm32f10x.o
    0x080002f4   0x080002f4   0x00000122   Code   RO          237    .text.SetSysClockTo72  system_stm32f10x.o
    0x08000416   0x08000416   0x00000002   PAD
    0x08000418   0x08000418   0x00000008   Code   RO          121    .text.SysTick_Handler  tcpu.o
    0x08000420   0x08000420   0x00000066   Code   RO          231    .text.SystemInit    system_stm32f10x.o
    0x08000486   0x08000486   0x00000002   PAD
    0x08000488   0x08000488   0x00000042   Code   RO          119    .text.__NVIC_SetPriority  tcpu.o
    0x080004ca   0x080004ca   0x00000002   PAD
    0x080004cc   0x080004cc   0x00000032   Code   RO           60    .text.idleTaskEntry  main.o
    0x080004fe   0x080004fe   0x00000002   PAD
    0x08000500   0x08000500   0x00000058   Code   RO           62    .text.main          main.o
    0x08000558   0x08000558   0x0000001a   Code   RO          105    .text.tBitmapClear  tbitmap.o
    0x08000572   0x08000572   0x00000002   PAD
    0x08000574   0x08000574   0x00000082   Code   RO          107    .text.tBitmapGetFirstSet  tbitmap.o
    0x080005f6   0x080005f6   0x00000002   PAD
    0x080005f8   0x080005f8   0x00000004   Code   RO          101    .text.tBitmapPosCount  tbitmap.o
    0x080005fc   0x080005fc   0x0000001a   Code   RO          103    .text.tBitmapSet    tbitmap.o
    0x08000616   0x08000616   0x00000002   PAD
    0x08000618   0x08000618   0x00000042   Code   RO          138    .text.tEventRemoveTask  tevent.o
    0x0800065a   0x0800065a   0x00000002   PAD
    0x0800065c   0x0800065c   0x0000008c   Code   RO            8    .text.tInitApp      app.o
    0x080006e8   0x080006e8   0x0000002e   Code   RO          171    .text.tListAddLast  tlist.o
    0x08000716   0x08000716   0x00000002   PAD
    0x08000718   0x08000718   0x0000000c   Code   RO          157    .text.tListCount    tlist.o
    0x08000724   0x08000724   0x0000001e   Code   RO          159    .text.tListFirst    tlist.o
    0x08000742   0x08000742   0x00000002   PAD
    0x08000744   0x08000744   0x00000016   Code   RO          155    .text.tListInit     tlist.o
    0x0800075a   0x0800075a   0x00000002   PAD
    0x0800075c   0x0800075c   0x00000022   Code   RO          177    .text.tListRemove   tlist.o
    0x0800077e   0x0800077e   0x00000002   PAD
    0x08000780   0x08000780   0x00000036   Code   RO          173    .text.tListRemoveFirst  tlist.o
    0x080007b6   0x080007b6   0x00000002   PAD
    0x080007b8   0x080007b8   0x00000010   Code   RO          153    .text.tNodeInit     tlist.o
    0x080007c8   0x080007c8   0x00000054   Code   RO          117    .text.tSetSysTickPeriod  tcpu.o
    0x0800081c   0x0800081c   0x00000034   Code   RO          215    .text.tTaskDelay    ttime.o
    0x08000850   0x08000850   0x00000010   Code   RO           48    .text.tTaskDelayedInit  main.o
    0x08000860   0x08000860   0x00000014   Code   RO           84    .text.tTaskEnterCritical  switch.o
    0x08000874   0x08000874   0x00000012   Code   RO           86    .text.tTaskExitCritical  switch.o
    0x08000886   0x08000886   0x00000002   PAD
    0x08000888   0x08000888   0x00000032   Code   RO           32    .text.tTaskHighestReady  main.o
    0x080008ba   0x080008ba   0x00000002   PAD
    0x080008bc   0x080008bc   0x00000146   Code   RO          190    .text.tTaskInit     ttask.o
    0x08000a02   0x08000a02   0x00000002   PAD
    0x08000a04   0x08000a04   0x0000002a   Code   RO           88    .text.tTaskRunFirst  switch.o
    0x08000a2e   0x08000a2e   0x00000002   PAD
    0x08000a30   0x08000a30   0x00000058   Code   RO           40    .text.tTaskSched    main.o
    0x08000a88   0x08000a88   0x00000034   Code   RO           36    .text.tTaskSchedDisable  main.o
    0x08000abc   0x08000abc   0x00000040   Code   RO           34    .text.tTaskSchedInit  main.o
    0x08000afc   0x08000afc   0x00000034   Code   RO           42    .text.tTaskSchedRdy  main.o
    0x08000b30   0x08000b30   0x0000004e   Code   RO           44    .text.tTaskSchedUnRdy  main.o
    0x08000b7e   0x08000b7e   0x00000002   PAD
    0x08000b80   0x08000b80   0x00000010   Code   RO           90    .text.tTaskSwitch   switch.o
    0x08000b90   0x08000b90   0x00000100   Code   RO           58    .text.tTaskSystemTickHandler  main.o
    0x08000c90   0x08000c90   0x0000002e   Code   RO           50    .text.tTimeTaskWait  main.o
    0x08000cbe   0x08000cbe   0x00000002   PAD
    0x08000cc0   0x08000cc0   0x00000026   Code   RO           52    .text.tTimeTaskWakeUp  main.o
    0x08000ce6   0x08000ce6   0x00000002   PAD
    0x08000ce8   0x08000ce8   0x0000000e   Code   RO           56    .text.tTimeTickInit  main.o
    0x08000cf6   0x08000cf6   0x00000002   PAD
    0x08000cf8   0x08000cf8   0x0000002a   Code   RO            2    .text.task1Entry    app.o
    0x08000d22   0x08000d22   0x00000002   PAD
    0x08000d24   0x08000d24   0x0000002a   Code   RO            4    .text.task2Entry    app.o
    0x08000d4e   0x08000d4e   0x00000002   PAD
    0x08000d50   0x08000d50   0x0000002a   Code   RO            6    .text.task3Entry    app.o
    0x08000d7a   0x08000d7a   0x00000100   Data   RO          109    .rodata.tBitmapGetFirstSet.quickFindTable  tbitmap.o
    0x08000e7a   0x08000e7a   0x00000002   PAD
    0x08000e7c   0x08000e7c   0x00000020   Data   RO          417    Region$$Table       anon$$obj.o


    Execution Region RW_IRAM1 (Exec base: 0x20000000, Load base: 0x08000ea0, Size: 0x00004958, Max: 0x00005000, ABSOLUTE)

    Exec Addr    Load Addr    Size         Type   Attr      Idx    E Section Name        Object

    0x20000000   0x08000ea0   0x00000004   Data   RW          239    .data.SystemCoreClock  system_stm32f10x.o
    0x20000004   0x08000ea4   0x00000004   PAD
    0x20000008        -       0x00000060   Zero   RW          282    .bss                c_w.l(libspace.o)
    0x20000068        -       0x00000004   Zero   RW           67    .bss.currentTask    main.o
    0x2000006c        -       0x00000004   Zero   RW           71    .bss.idleCount      main.o
    0x20000070        -       0x00001000   Zero   RW           73    .bss.idleTaskEnv    main.o
    0x20001070        -       0x00000004   Zero   RW           68    .bss.nextTask       main.o
    0x20001074        -       0x00000001   Zero   RW           66    .bss.schedLockCount  main.o
    0x20001075   0x08000ea4   0x00000003   PAD
    0x20001078        -       0x00000050   Zero   RW           13    .bss.tTask1         app.o
    0x200010c8        -       0x00000050   Zero   RW           15    .bss.tTask2         app.o
    0x20001118        -       0x00000050   Zero   RW           17    .bss.tTask3         app.o
    0x20001168        -       0x0000000c   Zero   RW           69    .bss.tTaskDelayedList  main.o
    0x20001174        -       0x00000050   Zero   RW           72    .bss.tTaskIdle      main.o
    0x200011c4        -       0x00001000   Zero   RW           14    .bss.task1Env       app.o
    0x200021c4        -       0x00000004   Zero   RW           10    .bss.task1Flag      app.o
    0x200021c8        -       0x00001000   Zero   RW           16    .bss.task2Env       app.o
    0x200031c8        -       0x00000004   Zero   RW           11    .bss.task2Flag      app.o
    0x200031cc        -       0x00001000   Zero   RW           18    .bss.task3Env       app.o
    0x200041cc        -       0x00000004   Zero   RW           12    .bss.task3Flag      app.o
    0x200041d0        -       0x00000004   Zero   RW           64    .bss.taskPrioBitmap  main.o
    0x200041d4        -       0x00000180   Zero   RW           65    .bss.taskTable      main.o
    0x20004354        -       0x00000004   Zero   RW           70    .bss.tickCount      main.o
    0x20004358        -       0x00000200   Zero   RW          224    HEAP                startup_stm32f10x_md.o
    0x20004558        -       0x00000400   Zero   RW          223    STACK               startup_stm32f10x_md.o


==============================================================================

Image component sizes


      Code (inc. data)   RO Data    RW Data    ZI Data      Debug   Object Name

       266          0          0          0      12540       2207   app.o
        48          8          0          0          0        336   cortex.o
       892          0          0          0       4593       4706   main.o
        64         26        236          0       1536        784   startup_stm32f10x_md.o
        96          0          0          0          0       1495   switch.o
       400          0          0          4          0       2877   system_stm32f10x.o
       186          0        256          0          0       1337   tbitmap.o
       158          0          0          0          0       3284   tcpu.o
        66          0          0          0          0       3422   tevent.o
       214          0          0          0          0       2706   tlist.o
       326          0          0          0          0       3884   ttask.o
        52          0          0          0          0        547   ttime.o

    ----------------------------------------------------------------------
      2814         34        526          4      18676      27585   Object Totals
         0          0         32          0          0          0   (incl. Generated)
        46          0          2          0          7          0   (incl. Padding)

    ----------------------------------------------------------------------

      Code (inc. data)   RO Data    RW Data    ZI Data      Debug   Library Member Name

         8          0          0          0          0         68   __main.o
         0          0          0          0          0          0   __rtentry.o
        12          0          0          0          0          0   __rtentry2.o
         6          0          0          0          0          0   __rtentry4.o
        94          8          0          0          0          0   __scatter.o
        26          0          0          0          0          0   __scatter_copy.o
        28          0          0          0          0          0   __scatter_zi.o
        18          0          0          0          0         80   exit.o
         6          0          0          0          0        152   heapauxi.o
         0          0          0          0          0          0   indicate_semi.o
         2          0          0          0          0          0   libinit.o
         2          0          0          0          0          0   libinit2.o
         2          0          0          0          0          0   libshutdown.o
         2          0          0          0          0          0   libshutdown2.o
         8          4          0          0         96         68   libspace.o
        78          0          0          0          0         80   rt_memclr_w.o
         2          0          0          0          0          0   rtexit.o
        10          0          0          0          0          0   rtexit2.o
        12          4          0          0          0         68   sys_exit.o
        74          0          0          0          0         80   sys_stackheap_outer.o
         2          0          0          0          0         68   use_no_semi.o

    ----------------------------------------------------------------------
       400         16          0          0         96        664   Library Totals
         8          0          0          0          0          0   (incl. Padding)

    ----------------------------------------------------------------------

      Code (inc. data)   RO Data    RW Data    ZI Data      Debug   Library Name

       392         16          0          0         96        664   c_w.l

    ----------------------------------------------------------------------
       400         16          0          0         96        664   Library Totals

    ----------------------------------------------------------------------

==============================================================================


      Code (inc. data)   RO Data    RW Data    ZI Data      Debug   

      3214         50        526          4      18772      27925   Grand Totals
      3214         50        526          4      18772      27925   ELF Image Totals
      3214         50        526          4          0          0   ROM Totals

==============================================================================

    Total RO  Size (Code + RO Data)                 3740 (   3.65kB)
    Total RW  Size (RW Data + ZI Data)             18776 (  18.34kB)
    Total ROM Size (Code + RO Data + RW Data)       3744 (   3.66kB)

==============================================================================

